<html>
<body>
<pre>
<h1>µVision Build Log</h1>
<h2>Tool Versions:</h2>
IDE-Version: µVision V5.29.0.0
Copyright (C) 2019 ARM Ltd and ARM Germany GmbH. All rights reserved.
License Information: Alessio Fiorin, Università di Udine - Fiorin student, LIC=BDA0P-MEH6Z-CA2V5-UN9SM-SR479-UQXGN
 
Tool Versions:
Toolchain:       MDK-ARM Cortex-M0/M0+ for ST  Version: 5.29.0.0
Toolchain Path:  C:\Keil_v5\ARM\ARMCC\Bin
C Compiler:      Armcc.exe V5.06 update 6 (build 750)
Assembler:       Armasm.exe V5.06 update 6 (build 750)
Linker/Locator:  ArmLink.exe V5.06 update 6 (build 750)
Library Manager: ArmAr.exe V5.06 update 6 (build 750)
Hex Converter:   FromElf.exe V5.06 update 6 (build 750)
CPU DLL:         SARMCM3.DLL V5.29.0.0
Dialog DLL:      DARMCM1.DLL V1.19.2.0
Target DLL:      STLink\ST-LINKIII-KEIL_SWO.dll V3.0.7.0
Dialog DLL:      TARMCM1.DLL V1.14.1.0
 
<h2>Project:</h2>
C:\Users\aless\OneDrive\Desktop\LGT-92_-LoRa_GPS_Tracker-master\Projects\Multi\Applications\LoRa\DRAGINO-LRWAN(AT)\MDK-ARM\STM32L072CZ-Nucleo\Lora.uvprojx
Project File Date:  05/05/2020

<h2>Output:</h2>
*** Using Compiler 'V5.06 update 6 (build 750)', folder: 'C:\Keil_v5\ARM\ARMCC\Bin'
Rebuild target 'sx1276mb1las'
compiling stm32l0xx_hal_spi.c...
compiling flash_eraseprogram.c...
compiling bsp_usart2.c...
..\..\..\..\..\..\..\Drivers\BSP\Components\usart\bsp_usart2.c(15): warning:  #177-D: variable "buff"  was declared but never referenced
  static char buff[BUFSIZE];
..\..\..\..\..\..\..\Drivers\BSP\Components\usart\bsp_usart2.c: 1 warning, 0 errors
compiling stm32l0xx_nucleo.c...
compiling system_stm32l0xx.c...
compiling filter.c...
compiling gps.c...
..\..\..\..\..\..\..\Drivers\BSP\Components\gps\gps.c(227): warning:  #223-D: function "isspace" declared implicitly
      while ( isspace(*p) )//Ìø¹ýÇ°ÃæµÄ¿Õ¸ñ
..\..\..\..\..\..\..\Drivers\BSP\Components\gps\gps.c: 1 warning, 0 errors
compiling IIC.c...
compiling mpu9250.c...
compiling sx1276mb1las.c...
compiling sx1276.c...
compiling stm32l0xx_hal_rcc_ex.c...
compiling stm32l0xx_hal_gpio.c...
compiling stm32l0xx_hal_pwr.c...
compiling stm32l0xx_hal_uart.c...
compiling stm32l0xx_hal.c...
compiling stm32l0xx_hal_cortex.c...
compiling stm32l0xx_hal_dma.c...
compiling stm32l0xx_hal_rtc.c...
compiling stm32l0xx_hal_adc.c...
compiling stm32l0xx_hal_pwr_ex.c...
assembling startup_stm32l072xx.s...
compiling stm32l0xx_hal_rcc.c...
compiling stm32l0xx_hal_flash.c...
compiling stm32l0xx_hal_tim_ex.c...
compiling stm32l0xx_hal_uart_ex.c...
compiling stm32l0xx_hal_rtc_ex.c...
compiling stm32l0xx_hal_flash_ex.c...
compiling debug.c...
compiling stm32l0xx_hal_adc_ex.c...
compiling stm32l0xx_hal_i2c_ex.c...
compiling bsp.c...
compiling stm32l0xx_hal_i2c.c...
compiling stm32l0xx_hal_tim.c...
compiling hw_spi.c...
compiling hw_gpio.c...
compiling vcom.c...
compiling tiny_sscanf.c...
compiling stm32l0xx_hal_msp.c...
compiling stm32l0xx_it.c...
compiling tiny_vsnprintf.c...
compiling hw_rtc.c...
compiling command.c...
compiling stm32l0xx_hw.c...
compiling lora.c...
compiling at.c...
compiling main.c...
..\..\src\main.c(867): warning:  #177-D: variable "battery_value"  was declared but never referenced
  	float battery_value=0.0f;
..\..\src\main.c: 1 warning, 0 errors
compiling Region.c...
compiling Exti_wakeup.c...
compiling RegionAU915.c...
compiling RegionCN779.c...
compiling RegionIN865.c...
compiling RegionCommon.c...
compiling RegionEU868.c...
compiling RegionKR920.c...
compiling RegionCN470.c...
compiling RegionAS923.c...
compiling RegionEU433.c...
compiling timeServer.c...
compiling queue.c...
compiling trace.c...
compiling utilities.c...
compiling aes.c...
compiling low_power_manager.c...
compiling RegionRU864.c...
compiling LoRaMacCrypto.c...
compiling RegionUS915.c...
compiling delay.c...
compiling lora-test.c...
compiling LoRaMac.c...
compiling cmac.c...
linking...
Program Size: Code=83272 RO-data=7844 RW-data=1284 ZI-data=7580  
FromELF: creating hex file...
".\sx1276mb1las\NUCLEO_CUBE_LORA.axf" - 0 Error(s), 3 Warning(s).

<h2>Software Packages used:</h2>

Package Vendor: Keil
                http://www.keil.com/pack/Keil.STM32L0xx_DFP.2.0.1.pack
                Keil.STM32L0xx_DFP.2.0.1
                STMicroelectronics STM32L0 Series Device Support, Drivers and Examples

<h2>Collection of Component include folders:</h2>
  .\RTE\_sx1276mb1las
  C:\Users\aless\AppData\Local\Arm\Packs\Keil\STM32L0xx_DFP\2.0.1\Drivers\CMSIS\Device\ST\STM32L0xx\Include

<h2>Collection of Component Files used:</h2>
Build Time Elapsed:  00:00:36
</pre>
</body>
</html>
