Component: ARM Compiler 5.06 update 6 (build 750) Tool: armlink [4d35ed]

==============================================================================

Section Cross References

    sx1276.o(i.GetFskBandwidthRegValue) refers to sx1276.o(.constdata) for .constdata
    sx1276.o(i.RxChainCalibration) refers to sx1276.o(i.SX1276Read) for SX1276Read
    sx1276.o(i.RxChainCalibration) refers to sx1276.o(i.SX1276Write) for SX1276Write
    sx1276.o(i.RxChainCalibration) refers to sx1276.o(i.SX1276SetChannel) for SX1276SetChannel
    sx1276.o(i.SX1276BoardInit) refers to sx1276.o(.data) for .data
    sx1276.o(i.SX1276GetRadioWakeUpTime) refers to sx1276.o(.data) for .data
    sx1276.o(i.SX1276GetStatus) refers to sx1276.o(.bss) for .bss
    sx1276.o(i.SX1276GetTimeOnAir) refers to dfltui.o(.text) for __aeabi_ui2d
    sx1276.o(i.SX1276GetTimeOnAir) refers to sx1276.o(i.SX1276Read) for SX1276Read
    sx1276.o(i.SX1276GetTimeOnAir) refers to dadd.o(.text) for __aeabi_dadd
    sx1276.o(i.SX1276GetTimeOnAir) refers to dscalb.o(.text) for __ARM_scalbn
    sx1276.o(i.SX1276GetTimeOnAir) refers to ddiv.o(.text) for __aeabi_ddiv
    sx1276.o(i.SX1276GetTimeOnAir) refers to dmul.o(.text) for __aeabi_dmul
    sx1276.o(i.SX1276GetTimeOnAir) refers to round.o(i.round) for round
    sx1276.o(i.SX1276GetTimeOnAir) refers to dflti.o(.text) for __aeabi_i2d
    sx1276.o(i.SX1276GetTimeOnAir) refers to ceil.o(i.ceil) for ceil
    sx1276.o(i.SX1276GetTimeOnAir) refers to cdrcmple.o(.text) for __aeabi_cdrcmple
    sx1276.o(i.SX1276GetTimeOnAir) refers to floor.o(i.floor) for floor
    sx1276.o(i.SX1276GetTimeOnAir) refers to dfixui.o(.text) for __aeabi_d2uiz
    sx1276.o(i.SX1276GetTimeOnAir) refers to sx1276.o(.bss) for .bss
    sx1276.o(i.SX1276Init) refers to timeserver.o(i.TimerInit) for TimerInit
    sx1276.o(i.SX1276Init) refers to sx1276.o(i.SX1276Reset) for SX1276Reset
    sx1276.o(i.SX1276Init) refers to sx1276.o(i.RxChainCalibration) for RxChainCalibration
    sx1276.o(i.SX1276Init) refers to sx1276.o(i.SX1276SetOpMode) for SX1276SetOpMode
    sx1276.o(i.SX1276Init) refers to sx1276.o(i.SX1276SetModem) for SX1276SetModem
    sx1276.o(i.SX1276Init) refers to sx1276.o(i.SX1276Write) for SX1276Write
    sx1276.o(i.SX1276Init) refers to sx1276.o(.data) for .data
    sx1276.o(i.SX1276Init) refers to sx1276.o(i.SX1276OnTimeoutIrq) for SX1276OnTimeoutIrq
    sx1276.o(i.SX1276Init) refers to sx1276.o(.bss) for .bss
    sx1276.o(i.SX1276Init) refers to sx1276.o(.constdata) for .constdata
    sx1276.o(i.SX1276IsChannelFree) refers to sx1276.o(i.SX1276SetModem) for SX1276SetModem
    sx1276.o(i.SX1276IsChannelFree) refers to sx1276.o(i.SX1276SetChannel) for SX1276SetChannel
    sx1276.o(i.SX1276IsChannelFree) refers to sx1276.o(i.SX1276SetOpMode) for SX1276SetOpMode
    sx1276.o(i.SX1276IsChannelFree) refers to delay.o(i.DelayMs) for DelayMs
    sx1276.o(i.SX1276IsChannelFree) refers to timeserver.o(i.TimerGetCurrentTime) for TimerGetCurrentTime
    sx1276.o(i.SX1276IsChannelFree) refers to sx1276.o(i.SX1276ReadRssi) for SX1276ReadRssi
    sx1276.o(i.SX1276IsChannelFree) refers to timeserver.o(i.TimerGetElapsedTime) for TimerGetElapsedTime
    sx1276.o(i.SX1276IsChannelFree) refers to sx1276.o(i.SX1276SetSleep) for SX1276SetSleep
    sx1276.o(i.SX1276OnDio0Irq) refers to timeserver.o(i.TimerStop) for TimerStop
    sx1276.o(i.SX1276OnDio0Irq) refers to sx1276.o(i.SX1276Write) for SX1276Write
    sx1276.o(i.SX1276OnDio0Irq) refers to sx1276.o(i.SX1276Read) for SX1276Read
    sx1276.o(i.SX1276OnDio0Irq) refers to timeserver.o(i.TimerStart) for TimerStart
    sx1276.o(i.SX1276OnDio0Irq) refers to sx1276.o(i.SX1276ReadFifo) for SX1276ReadFifo
    sx1276.o(i.SX1276OnDio0Irq) refers to timeserver.o(i.TimerGetCurrentTime) for TimerGetCurrentTime
    sx1276.o(i.SX1276OnDio0Irq) refers to trace.o(i.TraceSend) for TraceSend
    sx1276.o(i.SX1276OnDio0Irq) refers to sx1276.o(.bss) for .bss
    sx1276.o(i.SX1276OnDio0Irq) refers to sx1276.o(.data) for .data
    sx1276.o(i.SX1276OnDio1Irq) refers to sx1276.o(i.SX1276WriteFifo) for SX1276WriteFifo
    sx1276.o(i.SX1276OnDio1Irq) refers to timeserver.o(i.TimerStop) for TimerStop
    sx1276.o(i.SX1276OnDio1Irq) refers to sx1276.o(i.SX1276Write) for SX1276Write
    sx1276.o(i.SX1276OnDio1Irq) refers to timeserver.o(i.TimerGetCurrentTime) for TimerGetCurrentTime
    sx1276.o(i.SX1276OnDio1Irq) refers to trace.o(i.TraceSend) for TraceSend
    sx1276.o(i.SX1276OnDio1Irq) refers to sx1276.o(i.SX1276Read) for SX1276Read
    sx1276.o(i.SX1276OnDio1Irq) refers to sx1276.o(i.SX1276ReadFifo) for SX1276ReadFifo
    sx1276.o(i.SX1276OnDio1Irq) refers to sx1276.o(.bss) for .bss
    sx1276.o(i.SX1276OnDio1Irq) refers to sx1276.o(.data) for .data
    sx1276.o(i.SX1276OnDio2Irq) refers to sx1276.o(i.SX1276Write) for SX1276Write
    sx1276.o(i.SX1276OnDio2Irq) refers to sx1276.o(i.SX1276Read) for SX1276Read
    sx1276.o(i.SX1276OnDio2Irq) refers to timeserver.o(i.TimerStop) for TimerStop
[...]
    0x080002e8   0x080002e8   0x00000014   Code   RO         9704    .text               mc_p.l(uread4.o)
    0x080002fc   0x080002fc   0x0000003c   Code   RO         9706    .text               mc_p.l(__0sscanf.o)
    0x08000338   0x08000338   0x0000014a   Code   RO         9708    .text               mc_p.l(_scanf_int.o)
    0x08000482   0x08000482   0x000000b2   Code   RO         9710    .text               mf_p.l(fadd.o)
    0x08000534   0x08000534   0x0000007a   Code   RO         9712    .text               mf_p.l(fmul.o)
    0x080005ae   0x080005ae   0x0000007c   Code   RO         9714    .text               mf_p.l(fdiv.o)
    0x0800062a   0x0800062a   0x00000018   Code   RO         9716    .text               mf_p.l(fscalb.o)
    0x08000642   0x08000642   0x00000002   PAD
    0x08000644   0x08000644   0x00000164   Code   RO         9718    .text               mf_p.l(dadd.o)
    0x080007a8   0x080007a8   0x000000d0   Code   RO         9720    .text               mf_p.l(dmul.o)
    0x08000878   0x08000878   0x000000f0   Code   RO         9722    .text               mf_p.l(ddiv.o)
    0x08000968   0x08000968   0x0000002c   Code   RO         9724    .text               mf_p.l(dscalb.o)
    0x08000994   0x08000994   0x00000016   Code   RO         9726    .text               mf_p.l(fflti.o)
    0x080009aa   0x080009aa   0x0000000e   Code   RO         9728    .text               mf_p.l(ffltui.o)
    0x080009b8   0x080009b8   0x00000028   Code   RO         9730    .text               mf_p.l(dflti.o)
    0x080009e0   0x080009e0   0x0000001c   Code   RO         9732    .text               mf_p.l(dfltui.o)
    0x080009fc   0x080009fc   0x00000032   Code   RO         9734    .text               mf_p.l(ffixi.o)
    0x08000a2e   0x08000a2e   0x00000028   Code   RO         9736    .text               mf_p.l(ffixui.o)
    0x08000a56   0x08000a56   0x00000002   PAD
    0x08000a58   0x08000a58   0x00000048   Code   RO         9738    .text               mf_p.l(dfixi.o)
    0x08000aa0   0x08000aa0   0x0000003c   Code   RO         9740    .text               mf_p.l(dfixui.o)
    0x08000adc   0x08000adc   0x00000028   Code   RO         9742    .text               mf_p.l(f2d.o)
    0x08000b04   0x08000b04   0x00000028   Code   RO         9744    .text               mf_p.l(cdcmple.o)
    0x08000b2c   0x08000b2c   0x00000028   Code   RO         9746    .text               mf_p.l(cdrcmple.o)
    0x08000b54   0x08000b54   0x00000038   Code   RO         9748    .text               mf_p.l(d2f.o)
    0x08000b8c   0x08000b8c   0x00000014   Code   RO         9750    .text               mf_p.l(cfcmple.o)
    0x08000ba0   0x08000ba0   0x00000014   Code   RO         9752    .text               mf_p.l(cfrcmple.o)
    0x08000bb4   0x08000bb4   0x00000020   Code   RO         9823    .text               mc_p.l(llshl.o)
    0x08000bd4   0x08000bd4   0x00000022   Code   RO         9825    .text               mc_p.l(llushr.o)
    0x08000bf6   0x08000bf6   0x00000026   Code   RO         9827    .text               mc_p.l(llsshr.o)
    0x08000c1c   0x08000c1c   0x00000024   Code   RO         9829    .text               mc_p.l(ctype_c.o)
    0x08000c40   0x08000c40   0x0000001e   Code   RO         9839    .text               mc_p.l(_chval.o)
    0x08000c5e   0x08000c5e   0x00000002   PAD
    0x08000c60   0x08000c60   0x0000002c   Code   RO         9841    .text               mc_p.l(scanf_char.o)
    0x08000c8c   0x08000c8c   0x00000044   Code   RO         9843    .text               mc_p.l(_sgetc.o)
    0x08000cd0   0x08000cd0   0x00000000   Code   RO         9845    .text               mc_p.l(iusefp.o)
    0x08000cd0   0x08000cd0   0x00000082   Code   RO         9846    .text               mf_p.l(fepilogue.o)
    0x08000d52   0x08000d52   0x0000003e   Code   RO         9848    .text               mf_p.l(frnd.o)
    0x08000d90   0x08000d90   0x000000be   Code   RO         9850    .text               mf_p.l(depilogue.o)
    0x08000e4e   0x08000e4e   0x000000a2   Code   RO         9854    .text               mf_p.l(dsqrt.o)
    0x08000ef0   0x08000ef0   0x0000007c   Code   RO         9856    .text               mf_p.l(drnd.o)
    0x08000f6c   0x08000f6c   0x00000040   Code   RO         9858    .text               mf_p.l(dfixul.o)
    0x08000fac   0x08000fac   0x00000024   Code   RO         9860    .text               mc_p.l(init.o)
    0x08000fd0   0x08000fd0   0x00000338   Code   RO         9863    .text               mc_p.l(_scanf.o)
    0x08001308   0x08001308   0x00000056   Code   RO         9874    .text               mc_p.l(__dczerorl2.o)
    0x0800135e   0x0800135e   0x00000002   PAD
    0x08001360   0x08001360   0x00000024   Code   RO         1965    i.ADC_DelayMicroSecond  stm32l0xx_hal_adc.o
    0x08001384   0x08001384   0x00000064   Code   RO         1967    i.ADC_Enable        stm32l0xx_hal_adc.o
    0x080013e8   0x080013e8   0x0000013c   Code   RO         9521    i.AES_CMAC_Final    cmac.o
    0x08001524   0x08001524   0x00000020   Code   RO         9522    i.AES_CMAC_Init     cmac.o
    0x08001544   0x08001544   0x00000010   Code   RO         9523    i.AES_CMAC_SetKey   cmac.o
    0x08001554   0x08001554   0x000000be   Code   RO         9524    i.AES_CMAC_Update   cmac.o
    0x08001612   0x08001612   0x00000002   PAD
    0x08001614   0x08001614   0x00000e04   Code   RO         5060    i.AHRSupdate        main.o
    0x08002418   0x08002418   0x00000098   Code   RO         8766    i.AddMacCommand     loramac.o
    0x080024b0   0x080024b0   0x00000048   Code   RO         4755    i.BSP_battery_Init  bsp.o
    0x080024f8   0x080024f8   0x00000034   Code   RO         4757    i.BSP_powerLED_Init  bsp.o
    0x0800252c   0x0800252c   0x00000034   Code   RO         4758    i.BSP_sensor_DeInit  bsp.o
    0x08002560   0x08002560   0x00000038   Code   RO         4759    i.BSP_sensor_Init   bsp.o
    0x08002598   0x08002598   0x00000068   Code   RO         4760    i.BSP_sensor_Read   bsp.o
    0x08002600   0x08002600   0x00000018   Code   RO         6279    i.CMD_GetChar       command.o
    0x08002618   0x08002618   0x00000018   Code   RO         6280    i.CMD_Init          command.o
    0x08002630   0x08002630   0x00000054   Code   RO         6281    i.CMD_Process       command.o
    0x08002684   0x08002684   0x00000034   Code   RO         5061    i.CalYaw            main.o
    0x080026b8   0x080026b8   0x0000003c   Code   RO         8767    i.CalculateBackOff  loramac.o
    0x080026f4   0x080026f4   0x000001fc   Code   RO         9420    i.CircularQueue_Add  queue.o
    0x080028f0   0x080028f0   0x00000026   Code   RO         9422    i.CircularQueue_Init  queue.o
    0x08002916   0x08002916   0x00000002   PAD
    0x08002918   0x08002918   0x000000d0   Code   RO         9424    i.CircularQueue_Remove  queue.o
    0x080029e8   0x080029e8   0x000000a4   Code   RO         9425    i.CircularQueue_Sense  queue.o
    0x08002a8c   0x08002a8c   0x0000009e   Code   RO         7915    i.CountNbOfEnabledChannels  regioneu868.o
    0x08002b2a   0x08002b2a   0x00000002   PAD
    0x08002b2c   0x08002b2c   0x00000034   Code   RO         5063    i.CountTurns        main.o
    0x08002b60   0x08002b60   0x00000060   Code   RO         4818    i.DBG_Init          debug.o
    0x08002bc0   0x08002bc0   0x00000008   Code   RO         5436    i.DMA1_Channel4_5_6_7_IRQHandler  stm32l0xx_it.o
    0x08002bc8   0x08002bc8   0x0000001e   Code   RO         2696    i.DMA_SetConfig     stm32l0xx_hal_dma.o
    0x08002be6   0x08002be6   0x00000008   Code   RO         9129    i.DelayMs           delay.o
    0x08002bee   0x08002bee   0x00000002   PAD
    0x08002bf0   0x08002bf0   0x00000018   Code   RO         6336    i.EEPROM_Read_Config  lora.o
    0x08002c08   0x08002c08   0x00000028   Code   RO         6337    i.EEPROM_Store_Config  lora.o
    0x08002c30   0x08002c30   0x00000064   Code   RO          429    i.EEPROM_program    flash_eraseprogram.o
    0x08002c94   0x08002c94   0x00000010   Code   RO         5438    i.EXTI0_1_IRQHandler  stm32l0xx_it.o
    0x08002ca4   0x08002ca4   0x00000010   Code   RO         5439    i.EXTI2_3_IRQHandler  stm32l0xx_it.o
    0x08002cb4   0x08002cb4   0x00000088   Code   RO         5440    i.EXTI4_15_IRQHandler  stm32l0xx_it.o
    0x08002d3c   0x08002d3c   0x00000058   Code   RO         6775    i.EXTI4_15_IRQHandler_Config  exti_wakeup.o
    0x08002d94   0x08002d94   0x00000002   Code   RO         4819    i.Error_Handler     debug.o
    0x08002d96   0x08002d96   0x00000002   PAD
    0x08002d98   0x08002d98   0x0000002c   Code   RO         4546    i.FLASH_PageErase   stm32l0xx_hal_flash_ex.o
    0x08002dc4   0x08002dc4   0x00000090   Code   RO         4654    i.FLASH_SetErrorCode  stm32l0xx_hal_flash.o
    0x08002e54   0x08002e54   0x00000070   Code   RO         4655    i.FLASH_WaitForLastOperation  stm32l0xx_hal_flash.o
    0x08002ec4   0x08002ec4   0x00000050   Code   RO          430    i.FLASH_erase       flash_eraseprogram.o
    0x08002f14   0x08002f14   0x00000054   Code   RO          431    i.FLASH_program     flash_eraseprogram.o
    0x08002f68   0x08002f68   0x00000044   Code   RO          432    i.FLASH_program_on_addr  flash_eraseprogram.o
    0x08002fac   0x08002fac   0x00000010   Code   RO          433    i.FLASH_read        flash_eraseprogram.o
    0x08002fbc   0x08002fbc   0x0000002c   Code   RO          485    i.GPS_INFO_update   gps.o
    0x08002fe8   0x08002fe8   0x00000020   Code   RO          486    i.GPS_INPUT         gps.o
    0x08003008   0x08003008   0x00000044   Code   RO          488    i.GPS_Run           gps.o
    0x0800304c   0x0800304c   0x00000050   Code   RO          490    i.GPS_doinit        gps.o
    0x0800309c   0x0800309c   0x00000068   Code   RO          491    i.GPS_init          gps.o
    0x08003104   0x08003104   0x000007ac   Code   RO          492    i.GPS_parse         gps.o
    0x080038b0   0x080038b0   0x00000070   Code   RO          493    i.GPS_usart         gps.o
    0x08003920   0x08003920   0x00000024   Code   RO         7916    i.GetBandwidth      regioneu868.o
    0x08003944   0x08003944   0x0000002c   Code   RO            3    i.GetFskBandwidthRegValue  sx1276.o
    0x08003970   0x08003970   0x000000aa   Code   RO         3955    i.HAL_ADCEx_Calibration_Start  stm32l0xx_hal_adc_ex.o
    0x08003a1a   0x08003a1a   0x00000002   PAD
    0x08003a1c   0x08003a1c   0x00000094   Code   RO         1969    i.HAL_ADC_ConfigChannel  stm32l0xx_hal_adc.o
    0x08003ab0   0x08003ab0   0x00000006   Code   RO         1976    i.HAL_ADC_GetValue  stm32l0xx_hal_adc.o
    0x08003ab6   0x08003ab6   0x00000002   PAD
    0x08003ab8   0x08003ab8   0x000001c4   Code   RO         1978    i.HAL_ADC_Init      stm32l0xx_hal_adc.o
    0x08003c7c   0x08003c7c   0x00000002   Code   RO         1981    i.HAL_ADC_MspInit   stm32l0xx_hal_adc.o
    0x08003c7e   0x08003c7e   0x000000be   Code   RO         1982    i.HAL_ADC_PollForConversion  stm32l0xx_hal_adc.o
    0x08003d3c   0x08003d3c   0x0000005c   Code   RO         1984    i.HAL_ADC_Start     stm32l0xx_hal_adc.o
    0x08003d98   0x08003d98   0x00000010   Code   RO         2369    i.HAL_DBGMCU_DisableDBGSleepMode  stm32l0xx_hal.o
    0x08003da8   0x08003da8   0x00000010   Code   RO         2370    i.HAL_DBGMCU_DisableDBGStandbyMode  stm32l0xx_hal.o
    0x08003db8   0x08003db8   0x00000010   Code   RO         2371    i.HAL_DBGMCU_DisableDBGStopMode  stm32l0xx_hal.o
    0x08003dc8   0x08003dc8   0x00000098   Code   RO         2698    i.HAL_DMA_Abort_IT  stm32l0xx_hal_dma.o
    0x08003e60   0x08003e60   0x00000280   Code   RO         2702    i.HAL_DMA_IRQHandler  stm32l0xx_hal_dma.o
    0x080040e0   0x080040e0   0x00000108   Code   RO         2703    i.HAL_DMA_Init      stm32l0xx_hal_dma.o
    0x080041e8   0x080041e8   0x0000004e   Code   RO         2706    i.HAL_DMA_Start_IT  stm32l0xx_hal_dma.o
    0x08004236   0x08004236   0x00000002   PAD
    0x08004238   0x08004238   0x00000014   Code   RO         4552    i.HAL_FLASHEx_DATAEEPROM_Lock  stm32l0xx_hal_flash_ex.o
    0x0800424c   0x0800424c   0x00000054   Code   RO         4553    i.HAL_FLASHEx_DATAEEPROM_Program  stm32l0xx_hal_flash_ex.o
    0x080042a0   0x080042a0   0x00000024   Code   RO         4554    i.HAL_FLASHEx_DATAEEPROM_Unlock  stm32l0xx_hal_flash_ex.o
    0x080042c4   0x080042c4   0x00000078   Code   RO         4555    i.HAL_FLASHEx_Erase  stm32l0xx_hal_flash_ex.o
    0x0800433c   0x0800433c   0x00000014   Code   RO         4659    i.HAL_FLASH_Lock    stm32l0xx_hal_flash.o
    0x08004350   0x08004350   0x0000003c   Code   RO         4664    i.HAL_FLASH_Program  stm32l0xx_hal_flash.o
    0x0800438c   0x0800438c   0x0000003c   Code   RO         4666    i.HAL_FLASH_Unlock  stm32l0xx_hal_flash.o
    0x080043c8   0x080043c8   0x00000048   Code   RO         5441    i.HAL_GPIO_EXTI_Callback  stm32l0xx_it.o
    0x08004410   0x08004410   0x00000018   Code   RO         2636    i.HAL_GPIO_EXTI_IRQHandler  stm32l0xx_hal_gpio.o
    0x08004428   0x08004428   0x00000184   Code   RO         2637    i.HAL_GPIO_Init     stm32l0xx_hal_gpio.o
    0x080045ac   0x080045ac   0x0000000a   Code   RO         2639    i.HAL_GPIO_ReadPin  stm32l0xx_hal_gpio.o
    0x080045b6   0x080045b6   0x0000000c   Code   RO         2641    i.HAL_GPIO_WritePin  stm32l0xx_hal_gpio.o
    0x080045c2   0x080045c2   0x00000002   PAD
    0x080045c4   0x080045c4   0x0000000c   Code   RO         2380    i.HAL_GetTick       stm32l0xx_hal.o
    0x080045d0   0x080045d0   0x00000010   Code   RO         2381    i.HAL_IncTick       stm32l0xx_hal.o
    0x080045e0   0x080045e0   0x00000020   Code   RO         2382    i.HAL_Init          stm32l0xx_hal.o
    0x08004600   0x08004600   0x00000004   Code   RO         5278    i.HAL_InitTick      stm32l0xx_hal_msp.o
    0x08004604   0x08004604   0x0000002c   Code   RO         5279    i.HAL_MspInit       stm32l0xx_hal_msp.o
    0x08004630   0x08004630   0x00000014   Code   RO         2537    i.HAL_NVIC_EnableIRQ  stm32l0xx_hal_cortex.o
    0x08004644   0x08004644   0x00000008   Code   RO         2541    i.HAL_NVIC_SetPriority  stm32l0xx_hal_cortex.o
    0x0800464c   0x0800464c   0x00000010   Code   RO         2894    i.HAL_PWREx_EnableFastWakeUp  stm32l0xx_hal_pwr_ex.o
    0x0800465c   0x0800465c   0x00000010   Code   RO         2896    i.HAL_PWREx_EnableUltraLowPower  stm32l0xx_hal_pwr_ex.o
    0x0800466c   0x0800466c   0x00000010   Code   RO         2778    i.HAL_PWR_DisablePVD  stm32l0xx_hal_pwr.o
    0x0800467c   0x0800467c   0x00000030   Code   RO         2787    i.HAL_PWR_EnterSLEEPMode  stm32l0xx_hal_pwr.o
    0x080046ac   0x080046ac   0x00000034   Code   RO         2789    i.HAL_PWR_EnterSTOPMode  stm32l0xx_hal_pwr.o
    0x080046e0   0x080046e0   0x000001c0   Code   RO         2254    i.HAL_RCCEx_GetPeriphCLKFreq  stm32l0xx_hal_rcc_ex.o
    0x080048a0   0x080048a0   0x0000018c   Code   RO         2257    i.HAL_RCCEx_PeriphCLKConfig  stm32l0xx_hal_rcc_ex.o
    0x08004a2c   0x08004a2c   0x00000168   Code   RO         2143    i.HAL_RCC_ClockConfig  stm32l0xx_hal_rcc.o
    0x08004b94   0x08004b94   0x00000020   Code   RO         2149    i.HAL_RCC_GetPCLK1Freq  stm32l0xx_hal_rcc.o
    0x08004bb4   0x08004bb4   0x00000020   Code   RO         2150    i.HAL_RCC_GetPCLK2Freq  stm32l0xx_hal_rcc.o
    0x08004bd4   0x08004bd4   0x00000078   Code   RO         2151    i.HAL_RCC_GetSysClockFreq  stm32l0xx_hal_rcc.o
    0x08004c4c   0x08004c4c   0x0000045c   Code   RO         2154    i.HAL_RCC_OscConfig  stm32l0xx_hal_rcc.o
    0x080050a8   0x080050a8   0x0000003c   Code   RO         3089    i.HAL_RTCEx_EnableBypassShadow  stm32l0xx_hal_rtc_ex.o
    0x080050e4   0x080050e4   0x00000008   Code   RO         5280    i.HAL_RTC_AlarmAEventCallback  stm32l0xx_hal_msp.o
    0x080050ec   0x080050ec   0x000000b8   Code   RO         2950    i.HAL_RTC_DeactivateAlarm  stm32l0xx_hal_rtc.o
    0x080051a4   0x080051a4   0x00000044   Code   RO         2952    i.HAL_RTC_GetDate   stm32l0xx_hal_rtc.o
    0x080051e8   0x080051e8   0x0000005c   Code   RO         2954    i.HAL_RTC_GetTime   stm32l0xx_hal_rtc.o
    0x08005244   0x08005244   0x000000a4   Code   RO         2955    i.HAL_RTC_Init      stm32l0xx_hal_rtc.o
    0x080052e8   0x080052e8   0x0000005c   Code   RO         5282    i.HAL_RTC_MspInit   stm32l0xx_hal_msp.o
    0x08005344   0x08005344   0x000001a0   Code   RO         2960    i.HAL_RTC_SetAlarm_IT  stm32l0xx_hal_rtc.o
    0x080054e4   0x080054e4   0x000000cc   Code   RO         2961    i.HAL_RTC_SetDate   stm32l0xx_hal_rtc.o
    0x080055b0   0x080055b0   0x000000f0   Code   RO         2962    i.HAL_RTC_SetTime   stm32l0xx_hal_rtc.o
    0x080056a0   0x080056a0   0x00000034   Code   RO         2963    i.HAL_RTC_WaitForSynchro  stm32l0xx_hal_rtc.o
    0x080056d4   0x080056d4   0x00000084   Code   RO         1392    i.HAL_SPI_Init      stm32l0xx_hal_spi.o
    0x08005758   0x08005758   0x00000002   Code   RO         1394    i.HAL_SPI_MspInit   stm32l0xx_hal_spi.o
    0x0800575a   0x0800575a   0x000002b8   Code   RO         1401    i.HAL_SPI_TransmitReceive  stm32l0xx_hal_spi.o
    0x08005a12   0x08005a12   0x0000002a   Code   RO         4014    i.HAL_UARTEx_EnableStopMode  stm32l0xx_hal_uart_ex.o
    0x08005a3c   0x08005a3c   0x00000098   Code   RO         4015    i.HAL_UARTEx_StopModeWakeUpSourceConfig  stm32l0xx_hal_uart_ex.o
    0x08005ad4   0x08005ad4   0x00000002   Code   RO         4016    i.HAL_UARTEx_WakeupCallback  stm32l0xx_hal_uart_ex.o
    0x08005ad6   0x08005ad6   0x00000002   Code   RO         1641    i.HAL_UART_ErrorCallback  stm32l0xx_hal_uart.o
    0x08005ad8   0x08005ad8   0x00000144   Code   RO         1644    i.HAL_UART_IRQHandler  stm32l0xx_hal_uart.o
    0x08005c1c   0x08005c1c   0x0000006c   Code   RO         1645    i.HAL_UART_Init     stm32l0xx_hal_uart.o
    0x08005c88   0x08005c88   0x000000b4   Code   RO         5553    i.HAL_UART_MspInit  vcom.o
    0x08005d3c   0x08005d3c   0x000000a0   Code   RO         1650    i.HAL_UART_Receive_IT  stm32l0xx_hal_uart.o
    0x08005ddc   0x08005ddc   0x00000028   Code   RO         5554    i.HAL_UART_RxCpltCallback  vcom.o
    0x08005e04   0x08005e04   0x000000c8   Code   RO         1653    i.HAL_UART_Transmit  stm32l0xx_hal_uart.o
    0x08005ecc   0x08005ecc   0x00000098   Code   RO         1654    i.HAL_UART_Transmit_DMA  stm32l0xx_hal_uart.o
    0x08005f64   0x08005f64   0x00000010   Code   RO         5555    i.HAL_UART_TxCpltCallback  vcom.o
    0x08005f74   0x08005f74   0x00000002   Code   RO         1657    i.HAL_UART_TxHalfCpltCallback  stm32l0xx_hal_uart.o
    0x08005f76   0x08005f76   0x00000002   PAD
    0x08005f78   0x08005f78   0x0000005c   Code   RO         5334    i.HW_AdcInit        stm32l0xx_hw.o
    0x08005fd4   0x08005fd4   0x00000094   Code   RO         5335    i.HW_AdcReadChannel  stm32l0xx_hw.o
    0x08006068   0x08006068   0x00000038   Code   RO         4844    i.HW_GPIO_GetBitPos  hw_gpio.o
    0x080060a0   0x080060a0   0x00000054   Code   RO         4845    i.HW_GPIO_Init      hw_gpio.o
    0x080060f4   0x080060f4   0x00000018   Code   RO         4846    i.HW_GPIO_IrqHandler  hw_gpio.o
    0x0800610c   0x0800610c   0x0000003c   Code   RO         4848    i.HW_GPIO_SetIrq    hw_gpio.o
    0x08006148   0x08006148   0x0000000a   Code   RO         4849    i.HW_GPIO_Write     hw_gpio.o
    0x08006152   0x08006152   0x00000002   PAD
    0x08006154   0x08006154   0x0000005c   Code   RO         5337    i.HW_GetBatteryLevel  stm32l0xx_hw.o
    0x080061b0   0x080061b0   0x00000014   Code   RO         5338    i.HW_GetRandomSeed  stm32l0xx_hw.o
    0x080061c4   0x080061c4   0x00000058   Code   RO         5339    i.HW_GetTemperatureLevel  stm32l0xx_hw.o
    0x0800621c   0x0800621c   0x00000044   Code   RO         5340    i.HW_GetUniqueId    stm32l0xx_hw.o
    0x08006260   0x08006260   0x00000034   Code   RO         5342    i.HW_Init           stm32l0xx_hw.o
    0x08006294   0x08006294   0x00000026   Code   RO         4895    i.HW_RTC_DelayMs    hw_rtc.o
    0x080062ba   0x080062ba   0x00000002   PAD
    0x080062bc   0x080062bc   0x000000a4   Code   RO         4896    i.HW_RTC_GetCalendarValue  hw_rtc.o
    0x08006360   0x08006360   0x00000004   Code   RO         4897    i.HW_RTC_GetMinimumTimeout  hw_rtc.o
    0x08006364   0x08006364   0x0000000c   Code   RO         4898    i.HW_RTC_GetTimerContext  hw_rtc.o
    0x08006370   0x08006370   0x0000001c   Code   RO         4899    i.HW_RTC_GetTimerElapsedTime  hw_rtc.o
    0x0800638c   0x0800638c   0x00000010   Code   RO         4900    i.HW_RTC_GetTimerValue  hw_rtc.o
    0x0800639c   0x0800639c   0x0000002c   Code   RO         4901    i.HW_RTC_Init       hw_rtc.o
    0x080063c8   0x080063c8   0x0000003c   Code   RO         4902    i.HW_RTC_IrqHandler  hw_rtc.o
    0x08006404   0x08006404   0x0000003c   Code   RO         4903    i.HW_RTC_SetAlarm   hw_rtc.o
    0x08006440   0x08006440   0x00000060   Code   RO         4904    i.HW_RTC_SetConfig  hw_rtc.o
    0x080064a0   0x080064a0   0x00000018   Code   RO         4905    i.HW_RTC_SetTimerContext  hw_rtc.o
    0x080064b8   0x080064b8   0x00000118   Code   RO         4906    i.HW_RTC_StartWakeUpAlarm  hw_rtc.o
    0x080065d0   0x080065d0   0x00000020   Code   RO         4907    i.HW_RTC_StopAlarm  hw_rtc.o
    0x080065f0   0x080065f0   0x00000010   Code   RO         4908    i.HW_RTC_Tick2ms    hw_rtc.o
    0x08006600   0x08006600   0x00000010   Code   RO         4910    i.HW_RTC_ms2Tick    hw_rtc.o
    0x08006610   0x08006610   0x00000020   Code   RO         5015    i.HW_SPI_InOut      hw_spi.o
    0x08006630   0x08006630   0x00000084   Code   RO         5016    i.HW_SPI_Init       hw_spi.o
    0x080066b4   0x080066b4   0x00000074   Code   RO         5017    i.HW_SPI_IoDeInit   hw_spi.o
    0x08006728   0x08006728   0x0000005c   Code   RO         5018    i.HW_SPI_IoInit     hw_spi.o
    0x08006784   0x08006784   0x00000004   Code   RO         5442    i.HardFault_Handler  stm32l0xx_it.o
    0x08006788   0x08006788   0x00000040   Code   RO          835    i.IIC_Ack           iic.o
    0x080067c8   0x080067c8   0x0000000e   Code   RO          836    i.IIC_Delay         iic.o
    0x080067d6   0x080067d6   0x00000002   PAD
    0x080067d8   0x080067d8   0x00000038   Code   RO          837    i.IIC_GPIO_MODE_Config  iic.o
    0x08006810   0x08006810   0x00000040   Code   RO          838    i.IIC_NAck          iic.o
    0x08006850   0x08006850   0x00000060   Code   RO          839    i.IIC_ReadByte      iic.o
    0x080068b0   0x080068b0   0x00000068   Code   RO          840    i.IIC_SendByte      iic.o
    0x08006918   0x08006918   0x00000044   Code   RO          841    i.IIC_Start         iic.o
    0x0800695c   0x0800695c   0x00000042   Code   RO          842    i.IIC_Stop          iic.o
    0x0800699e   0x0800699e   0x0000005c   Code   RO          843    i.IIC_WaitAck       iic.o
    0x080069fa   0x080069fa   0x00000002   PAD
    0x080069fc   0x080069fc   0x00000044   Code   RO         5064    i.LORA_ConfirmClass  main.o
    0x08006a40   0x08006a40   0x0000000c   Code   RO         6338    i.LORA_GPS          lora.o
    0x08006a4c   0x08006a4c   0x0000000c   Code   RO         6339    i.LORA_GPS_MPU      lora.o
    0x08006a58   0x08006a58   0x00000118   Code   RO         5065    i.LORA_HasJoined    main.o
    0x08006b70   0x08006b70   0x00000288   Code   RO         6341    i.LORA_Init         lora.o
    0x08006df8   0x08006df8   0x00000098   Code   RO         6342    i.LORA_Join         lora.o
    0x08006e90   0x08006e90   0x00000018   Code   RO         6343    i.LORA_JoinStatus   lora.o
    0x08006ea8   0x08006ea8   0x0000006c   Code   RO         6344    i.LORA_RequestClass  lora.o
    0x08006f14   0x08006f14   0x00000344   Code   RO         5066    i.LORA_RxData       main.o
    0x08007258   0x08007258   0x0000007c   Code   RO         6346    i.LORA_send         lora.o
    0x080072d4   0x080072d4   0x0000007c   Code   RO          730    i.LPF2pApply_1      filter.o
    0x08007350   0x08007350   0x0000007c   Code   RO          731    i.LPF2pApply_2      filter.o
    0x080073cc   0x080073cc   0x0000007c   Code   RO          732    i.LPF2pApply_3      filter.o
    0x08007448   0x08007448   0x000000c4   Code   RO          736    i.LPF2pSetCutoffFreq_1  filter.o
    0x0800750c   0x0800750c   0x000000c4   Code   RO          737    i.LPF2pSetCutoffFreq_2  filter.o
    0x080075d0   0x080075d0   0x000000c4   Code   RO          738    i.LPF2pSetCutoffFreq_3  filter.o
    0x08007694   0x08007694   0x000000c4   Code   RO          739    i.LPF2pSetCutoffFreq_4  filter.o
    0x08007758   0x08007758   0x000000c4   Code   RO          740    i.LPF2pSetCutoffFreq_5  filter.o
    0x0800781c   0x0800781c   0x000000c4   Code   RO          741    i.LPF2pSetCutoffFreq_6  filter.o
    0x080078e0   0x080078e0   0x00000034   Code   RO         9154    i.LPM_EnterLowPower  low_power_manager.o
    0x08007914   0x08007914   0x00000002   Code   RO         9155    i.LPM_EnterOffMode  low_power_manager.o
    0x08007916   0x08007916   0x0000000c   Code   RO         5343    i.LPM_EnterSleepMode  stm32l0xx_hw.o
    0x08007922   0x08007922   0x00000002   PAD
    0x08007924   0x08007924   0x00000044   Code   RO         5344    i.LPM_EnterStopMode  stm32l0xx_hw.o
    0x08007968   0x08007968   0x00000002   Code   RO         9158    i.LPM_ExitOffMode   low_power_manager.o
    0x0800796a   0x0800796a   0x00000002   Code   RO         9159    i.LPM_ExitSleepMode  low_power_manager.o
    0x0800796c   0x0800796c   0x00000054   Code   RO         5345    i.LPM_ExitStopMode  stm32l0xx_hw.o
    0x080079c0   0x080079c0   0x00000028   Code   RO         9161    i.LPM_GetMode       low_power_manager.o
    0x080079e8   0x080079e8   0x00000028   Code   RO         9162    i.LPM_SetOffMode    low_power_manager.o
    0x08007a10   0x08007a10   0x00000028   Code   RO         9163    i.LPM_SetStopMode   low_power_manager.o
    0x08007a38   0x08007a38   0x0000002c   Code   RO         8768    i.LoRaMacChannelAdd  loramac.o
    0x08007a64   0x08007a64   0x0000007c   Code   RO         9015    i.LoRaMacComputeMic  loramaccrypto.o
    0x08007ae0   0x08007ae0   0x00000234   Code   RO         8770    i.LoRaMacInitialization  loramac.o
    0x08007d14   0x08007d14   0x00000048   Code   RO         9016    i.LoRaMacJoinComputeMic  loramaccrypto.o
    0x08007d5c   0x08007d5c   0x00000088   Code   RO         9017    i.LoRaMacJoinComputeSKeys  loramaccrypto.o
    0x08007de4   0x08007de4   0x00000040   Code   RO         9018    i.LoRaMacJoinDecrypt  loramaccrypto.o
    0x08007e24   0x08007e24   0x0000012c   Code   RO         8771    i.LoRaMacMcpsRequest  loramac.o
    0x08007f50   0x08007f50   0x000000f8   Code   RO         8772    i.LoRaMacMibGetRequestConfirm  loramac.o
    0x08008048   0x08008048   0x0000027c   Code   RO         8773    i.LoRaMacMibSetRequestConfirm  loramac.o
    0x080082c4   0x080082c4   0x00000138   Code   RO         8774    i.LoRaMacMlmeRequest  loramac.o
    0x080083fc   0x080083fc   0x00000010   Code   RO         9019    i.LoRaMacPayloadDecrypt  loramaccrypto.o
    0x0800840c   0x0800840c   0x000000c0   Code   RO         9020    i.LoRaMacPayloadEncrypt  loramaccrypto.o
    0x080084cc   0x080084cc   0x000000b8   Code   RO         8777    i.LoRaMacQueryTxPossible  loramac.o
    0x08008584   0x08008584   0x00000020   Code   RO         8780    i.LoRaMacTestSetDutyCycleOn  loramac.o
    0x080085a4   0x080085a4   0x000000a8   Code   RO         6347    i.MPU9250_INT       lora.o
    0x0800864c   0x0800864c   0x000000b4   Code   RO          919    i.MPU_Get_Accel     mpu9250.o
    0x08008700   0x08008700   0x00000038   Code   RO          920    i.MPU_Get_Accelerometer  mpu9250.o
    0x08008738   0x08008738   0x000000b8   Code   RO          926    i.MPU_INT_Init      mpu9250.o
    0x080087f0   0x080087f0   0x000000f0   Code   RO          927    i.MPU_Init          mpu9250.o
    0x080088e0   0x080088e0   0x00000040   Code   RO          928    i.MPU_Read_Byte     mpu9250.o
    0x08008920   0x08008920   0x00000064   Code   RO          929    i.MPU_Read_Len      mpu9250.o
    0x08008984   0x08008984   0x00000010   Code   RO          930    i.MPU_Set_Accel_Fsr  mpu9250.o
    0x08008994   0x08008994   0x00000012   Code   RO          931    i.MPU_Set_Gyro_Fsr  mpu9250.o
    0x080089a6   0x080089a6   0x00000036   Code   RO          932    i.MPU_Set_LPF       mpu9250.o
    0x080089dc   0x080089dc   0x00000030   Code   RO          933    i.MPU_Set_Rate      mpu9250.o
    0x08008a0c   0x08008a0c   0x00000044   Code   RO          934    i.MPU_Write_Byte    mpu9250.o
    0x08008a50   0x08008a50   0x00000030   Code   RO         5283    i.MSP_GetIRQn       stm32l0xx_hal_msp.o
    0x08008a80   0x08008a80   0x00000002   Code   RO         6348    i.McpsConfirm       lora.o
    0x08008a82   0x08008a82   0x00000002   PAD
    0x08008a84   0x08008a84   0x00000058   Code   RO         6349    i.McpsIndication    lora.o
    0x08008adc   0x08008adc   0x00000040   Code   RO         6350    i.MlmeConfirm       lora.o
    0x08008b1c   0x08008b1c   0x00000002   Code   RO         5444    i.NMI_Handler       stm32l0xx_it.o
    0x08008b1e   0x08008b1e   0x00000002   PAD
    0x08008b20   0x08008b20   0x00000044   Code   RO         2547    i.NVIC_SetPriority  stm32l0xx_hal_cortex.o
    0x08008b64   0x08008b64   0x0000001c   Code   RO         5642    i.NVIC_SystemReset  at.o
    0x08008b80   0x08008b80   0x00000038   Code   RO         8782    i.OnAckTimeoutTimerEvent  loramac.o
    0x08008bb8   0x08008bb8   0x00000008   Code   RO         9074    i.OnCertifTxNextPacketTimerEvent  lora-test.o
    0x08008bc0   0x08008bc0   0x00000278   Code   RO         8783    i.OnMacStateCheckTimerEvent  loramac.o
    0x08008e38   0x08008e38   0x000004d4   Code   RO         8784    i.OnRadioRxDone     loramac.o
    0x0800930c   0x0800930c   0x00000060   Code   RO         8785    i.OnRadioRxError    loramac.o
    0x0800936c   0x0800936c   0x00000068   Code   RO         8786    i.OnRadioRxTimeout  loramac.o
    0x080093d4   0x080093d4   0x000000ec   Code   RO         8787    i.OnRadioTxDone     loramac.o
    0x080094c0   0x080094c0   0x0000003c   Code   RO         8788    i.OnRadioTxTimeout  loramac.o
    0x080094fc   0x080094fc   0x0000007c   Code   RO         8789    i.OnRxWindow1TimerEvent  loramac.o
    0x08009578   0x08009578   0x00000078   Code   RO         8790    i.OnRxWindow2TimerEvent  loramac.o
    0x080095f0   0x080095f0   0x00000070   Code   RO         8791    i.OnTxDelayedTimerEvent  loramac.o
    0x08009660   0x08009660   0x0000003c   Code   RO         5067    i.OnTxTimerEvent    main.o
    0x0800969c   0x0800969c   0x00000064   Code   RO         5068    i.OnTxTimerEvent2   main.o
    0x08009700   0x08009700   0x00000090   Code   RO          494    i.PMTK353           gps.o
    0x08009790   0x08009790   0x00000088   Code   RO          495    i.PMTK886           gps.o
    0x08009818   0x08009818   0x00000060   Code   RO          497    i.POWER_ON          gps.o
    0x08009878   0x08009878   0x00000054   Code   RO         8792    i.ParseMacCommandsToRepeat  loramac.o
    0x080098cc   0x080098cc   0x00000002   Code   RO         5445    i.PendSV_Handler    stm32l0xx_it.o
    0x080098ce   0x080098ce   0x00000002   PAD
    0x080098d0   0x080098d0   0x00000280   Code   RO         8793    i.PrepareFrame      loramac.o
    0x08009b50   0x08009b50   0x0000003c   Code   RO         8794    i.PrepareRxDoneAbort  loramac.o
    0x08009b8c   0x08009b8c   0x00000388   Code   RO         8795    i.ProcessMacCommands  loramac.o
    0x08009f14   0x08009f14   0x00000070   Code   RO         2155    i.RCC_SetFlashLatencyFromMSIRange  stm32l0xx_hal_rcc.o
    0x08009f84   0x08009f84   0x00000008   Code   RO         5446    i.RNG_LPUART1_IRQHandler  stm32l0xx_it.o
    0x08009f8c   0x08009f8c   0x00000010   Code   RO         2964    i.RTC_Bcd2ToByte    stm32l0xx_hal_rtc.o
    0x08009f9c   0x08009f9c   0x00000016   Code   RO         2965    i.RTC_ByteToBcd2    stm32l0xx_hal_rtc.o
    0x08009fb2   0x08009fb2   0x00000038   Code   RO         2966    i.RTC_EnterInitMode  stm32l0xx_hal_rtc.o
    0x08009fea   0x08009fea   0x00000008   Code   RO         5447    i.RTC_IRQHandler    stm32l0xx_it.o
    0x08009ff2   0x08009ff2   0x00000002   PAD
    0x08009ff4   0x08009ff4   0x00000290   Code   RO         6351    i.Read_Config       lora.o
    0x0800a284   0x0800a284   0x0000001e   Code   RO         6801    i.RegionAdrNext     region.o
    0x0800a2a2   0x0800a2a2   0x00000012   Code   RO         6802    i.RegionAlternateDr  region.o
    0x0800a2b4   0x0800a2b4   0x0000000e   Code   RO         6803    i.RegionApplyCFList  region.o
    0x0800a2c2   0x0800a2c2   0x0000001a   Code   RO         6804    i.RegionApplyDrOffset  region.o
    0x0800a2dc   0x0800a2dc   0x0000000e   Code   RO         6805    i.RegionCalcBackOff  region.o
    0x0800a2ea   0x0800a2ea   0x00000012   Code   RO         6806    i.RegionChanMaskSet  region.o
    0x0800a2fc   0x0800a2fc   0x00000012   Code   RO         6807    i.RegionChannelAdd  region.o
    0x0800a30e   0x0800a30e   0x0000005c   Code   RO         7643    i.RegionCommonCalcBackOff  regioncommon.o
    0x0800a36a   0x0800a36a   0x00000026   Code   RO         7644    i.RegionCommonChanDisable  regioncommon.o
    0x0800a390   0x0800a390   0x0000001e   Code   RO         7645    i.RegionCommonChanMaskCopy  regioncommon.o
    0x0800a3ae   0x0800a3ae   0x00000060   Code   RO         7646    i.RegionCommonChanVerifyDr  regioncommon.o
    0x0800a40e   0x0800a40e   0x00000090   Code   RO         7647    i.RegionCommonComputeRxWindowParameters  regioncommon.o
    0x0800a49e   0x0800a49e   0x00000002   PAD
    0x0800a4a0   0x0800a4a0   0x00000018   Code   RO         7648    i.RegionCommonComputeSymbolTimeFsk  regioncommon.o
    0x0800a4b8   0x0800a4b8   0x0000002c   Code   RO         7649    i.RegionCommonComputeSymbolTimeLoRa  regioncommon.o
    0x0800a4e4   0x0800a4e4   0x0000006c   Code   RO         7650    i.RegionCommonComputeTxPower  regioncommon.o
    0x0800a550   0x0800a550   0x00000044   Code   RO         7651    i.RegionCommonCountChannels  regioncommon.o
    0x0800a594   0x0800a594   0x00000028   Code   RO         7652    i.RegionCommonGetJoinDc  regioncommon.o
    0x0800a5bc   0x0800a5bc   0x00000098   Code   RO         7653    i.RegionCommonLinkAdrReqVerifyParams  regioncommon.o
    0x0800a654   0x0800a654   0x00000036   Code   RO         7654    i.RegionCommonParseLinkAdrReq  regioncommon.o
    0x0800a68a   0x0800a68a   0x0000000a   Code   RO         7655    i.RegionCommonSetBandTxDone  regioncommon.o
    0x0800a694   0x0800a694   0x000000be   Code   RO         7656    i.RegionCommonUpdateBandTimeOff  regioncommon.o
    0x0800a752   0x0800a752   0x00000010   Code   RO         7657    i.RegionCommonValueInRange  regioncommon.o
    0x0800a762   0x0800a762   0x0000001a   Code   RO         6809    i.RegionComputeRxWindowParameters  region.o
    0x0800a77c   0x0800a77c   0x00000012   Code   RO         6810    i.RegionDlChannelReq  region.o
    0x0800a78e   0x0800a78e   0x00000002   PAD
    0x0800a790   0x0800a790   0x00000078   Code   RO         7917    i.RegionEU868AdrNext  regioneu868.o
    0x0800a808   0x0800a808   0x00000040   Code   RO         7918    i.RegionEU868AlternateDr  regioneu868.o
    0x0800a848   0x0800a848   0x00000074   Code   RO         7919    i.RegionEU868ApplyCFList  regioneu868.o
    0x0800a8bc   0x0800a8bc   0x0000000e   Code   RO         7920    i.RegionEU868ApplyDrOffset  regioneu868.o
    0x0800a8ca   0x0800a8ca   0x00000002   PAD
    0x0800a8cc   0x0800a8cc   0x00000038   Code   RO         7921    i.RegionEU868CalcBackOff  regioneu868.o
    0x0800a904   0x0800a904   0x0000002c   Code   RO         7922    i.RegionEU868ChanMaskSet  regioneu868.o
    0x0800a930   0x0800a930   0x000000dc   Code   RO         7923    i.RegionEU868ChannelAdd  regioneu868.o
    0x0800aa0c   0x0800aa0c   0x00000030   Code   RO         7924    i.RegionEU868ChannelsRemove  regioneu868.o
    0x0800aa3c   0x0800aa3c   0x00000064   Code   RO         7925    i.RegionEU868ComputeRxWindowParameters  regioneu868.o
    0x0800aaa0   0x0800aaa0   0x0000003c   Code   RO         7926    i.RegionEU868DlChannelReq  regioneu868.o
    0x0800aadc   0x0800aadc   0x000000d0   Code   RO         7927    i.RegionEU868GetPhyParam  regioneu868.o
    0x0800abac   0x0800abac   0x0000007c   Code   RO         7928    i.RegionEU868InitDefaults  regioneu868.o
    0x0800ac28   0x0800ac28   0x0000012c   Code   RO         7929    i.RegionEU868LinkAdrReq  regioneu868.o
    0x0800ad54   0x0800ad54   0x00000048   Code   RO         7930    i.RegionEU868NewChannelReq  regioneu868.o
    0x0800ad9c   0x0800ad9c   0x000000b8   Code   RO         7931    i.RegionEU868NextChannel  regioneu868.o
    0x0800ae54   0x0800ae54   0x0000012c   Code   RO         7932    i.RegionEU868RxConfig  regioneu868.o
    0x0800af80   0x0800af80   0x00000044   Code   RO         7933    i.RegionEU868RxParamSetupReq  regioneu868.o
    0x0800afc4   0x0800afc4   0x00000028   Code   RO         7934    i.RegionEU868SetBandTxDone  regioneu868.o
    0x0800afec   0x0800afec   0x00000048   Code   RO         7935    i.RegionEU868SetContinuousWave  regioneu868.o
    0x0800b034   0x0800b034   0x00000138   Code   RO         7936    i.RegionEU868TxConfig  regioneu868.o
    0x0800b16c   0x0800b16c   0x00000006   Code   RO         7937    i.RegionEU868TxParamSetupReq  regioneu868.o
    0x0800b172   0x0800b172   0x0000004c   Code   RO         7938    i.RegionEU868Verify  regioneu868.o
    0x0800b1be   0x0800b1be   0x00000014   Code   RO         6811    i.RegionGetPhyParam  region.o
    0x0800b1d2   0x0800b1d2   0x0000000e   Code   RO         6812    i.RegionInitDefaults  region.o
    0x0800b1e0   0x0800b1e0   0x0000000c   Code   RO         6813    i.RegionIsActive    region.o
    0x0800b1ec   0x0800b1ec   0x00000022   Code   RO         6814    i.RegionLinkAdrReq  region.o
    0x0800b20e   0x0800b20e   0x00000012   Code   RO         6815    i.RegionNewChannelReq  region.o
    0x0800b220   0x0800b220   0x0000001e   Code   RO         6816    i.RegionNextChannel  region.o
    0x0800b23e   0x0800b23e   0x00000016   Code   RO         6817    i.RegionRxConfig    region.o
    0x0800b254   0x0800b254   0x00000012   Code   RO         6818    i.RegionRxParamSetupReq  region.o
    0x0800b266   0x0800b266   0x0000000e   Code   RO         6819    i.RegionSetBandTxDone  region.o
    0x0800b274   0x0800b274   0x0000000e   Code   RO         6820    i.RegionSetContinuousWave  region.o
    0x0800b282   0x0800b282   0x0000001a   Code   RO         6821    i.RegionTxConfig    region.o
    0x0800b29c   0x0800b29c   0x00000012   Code   RO         6822    i.RegionTxParamSetupReq  region.o
    0x0800b2ae   0x0800b2ae   0x00000016   Code   RO         6823    i.RegionVerify      region.o
    0x0800b2c4   0x0800b2c4   0x00000084   Code   RO         8796    i.ResetMacParameters  loramac.o
    0x0800b348   0x0800b348   0x00000094   Code   RO            4    i.RxChainCalibration  sx1276.o
    0x0800b3dc   0x0800b3dc   0x00000018   Code   RO         8797    i.RxWindowSetup     loramac.o
    0x0800b3f4   0x0800b3f4   0x00000038   Code   RO          844    i.SDA_IN            iic.o
    0x0800b42c   0x0800b42c   0x00000038   Code   RO          845    i.SDA_OUT           iic.o
    0x0800b464   0x0800b464   0x000000b2   Code   RO         1422    i.SPI_WaitOnFlagUntilTimeout  stm32l0xx_hal_spi.o
    0x0800b516   0x0800b516   0x00000002   Code   RO         5448    i.SVC_Handler       stm32l0xx_it.o
    0x0800b518   0x0800b518   0x0000000c   Code   RO            5    i.SX1276BoardInit   sx1276.o
    0x0800b524   0x0800b524   0x00000004   Code   RO         1262    i.SX1276CheckRfFrequency  sx1276mb1las.o
    0x0800b528   0x0800b528   0x0000000c   Code   RO         1263    i.SX1276GetPaSelect  sx1276mb1las.o
    0x0800b534   0x0800b534   0x00000014   Code   RO            6    i.SX1276GetRadioWakeUpTime  sx1276.o
    0x0800b548   0x0800b548   0x0000000c   Code   RO            7    i.SX1276GetStatus   sx1276.o
    0x0800b554   0x0800b554   0x000001e4   Code   RO            8    i.SX1276GetTimeOnAir  sx1276.o
    0x0800b738   0x0800b738   0x00000004   Code   RO         1264    i.SX1276GetWakeTime  sx1276mb1las.o
    0x0800b73c   0x0800b73c   0x0000008c   Code   RO            9    i.SX1276Init        sx1276.o
    0x0800b7c8   0x0800b7c8   0x00000054   Code   RO         1265    i.SX1276IoDeInit    sx1276mb1las.o
    0x0800b81c   0x0800b81c   0x00000064   Code   RO         1266    i.SX1276IoInit      sx1276mb1las.o
    0x0800b880   0x0800b880   0x00000048   Code   RO         1267    i.SX1276IoIrqInit   sx1276mb1las.o
    0x0800b8c8   0x0800b8c8   0x0000004e   Code   RO           10    i.SX1276IsChannelFree  sx1276.o
    0x0800b916   0x0800b916   0x00000002   PAD
    0x0800b918   0x0800b918   0x000002b8   Code   RO           11    i.SX1276OnDio0Irq   sx1276.o
    0x0800bbd0   0x0800bbd0   0x00000104   Code   RO           12    i.SX1276OnDio1Irq   sx1276.o
    0x0800bcd4   0x0800bcd4   0x000000b4   Code   RO           13    i.SX1276OnDio2Irq   sx1276.o
    0x0800bd88   0x0800bd88   0x00000054   Code   RO           14    i.SX1276OnDio3Irq   sx1276.o
    0x0800bddc   0x0800bddc   0x0000001c   Code   RO           15    i.SX1276OnDio4Irq   sx1276.o
    0x0800bdf8   0x0800bdf8   0x000000c8   Code   RO           17    i.SX1276OnTimeoutIrq  sx1276.o
    0x0800bec0   0x0800bec0   0x0000003e   Code   RO           18    i.SX1276Random      sx1276.o
    0x0800befe   0x0800befe   0x00000010   Code   RO           19    i.SX1276Read        sx1276.o
    0x0800bf0e   0x0800bf0e   0x00000042   Code   RO           20    i.SX1276ReadBuffer  sx1276.o
    0x0800bf50   0x0800bf50   0x0000000e   Code   RO           21    i.SX1276ReadFifo    sx1276.o
    0x0800bf5e   0x0800bf5e   0x00000002   PAD
    0x0800bf60   0x0800bf60   0x00000044   Code   RO           22    i.SX1276ReadRssi    sx1276.o
    0x0800bfa4   0x0800bfa4   0x00000050   Code   RO           23    i.SX1276Reset       sx1276.o
    0x0800bff4   0x0800bff4   0x000000f0   Code   RO           24    i.SX1276Send        sx1276.o
    0x0800c0e4   0x0800c0e4   0x0000001c   Code   RO         1268    i.SX1276SetAntSw    sx1276mb1las.o
    0x0800c100   0x0800c100   0x00000044   Code   RO         1269    i.SX1276SetAntSwLowPower  sx1276mb1las.o
    0x0800c144   0x0800c144   0x00000050   Code   RO           25    i.SX1276SetChannel  sx1276.o
    0x0800c194   0x0800c194   0x00000030   Code   RO           26    i.SX1276SetMaxPayloadLength  sx1276.o
    0x0800c1c4   0x0800c1c4   0x00000070   Code   RO           27    i.SX1276SetModem    sx1276.o
    0x0800c234   0x0800c234   0x0000005c   Code   RO           28    i.SX1276SetOpMode   sx1276.o
    0x0800c290   0x0800c290   0x00000024   Code   RO           29    i.SX1276SetPublicNetwork  sx1276.o
    0x0800c2b4   0x0800c2b4   0x000000a0   Code   RO         1270    i.SX1276SetRfTxPower  sx1276mb1las.o
    0x0800c354   0x0800c354   0x00000200   Code   RO           30    i.SX1276SetRx       sx1276.o
    0x0800c554   0x0800c554   0x00000288   Code   RO           31    i.SX1276SetRxConfig  sx1276.o
    0x0800c7dc   0x0800c7dc   0x00000034   Code   RO           32    i.SX1276SetSleep    sx1276.o
    0x0800c810   0x0800c810   0x00000024   Code   RO           33    i.SX1276SetStby     sx1276.o
    0x0800c834   0x0800c834   0x000000b0   Code   RO           34    i.SX1276SetTx       sx1276.o
    0x0800c8e4   0x0800c8e4   0x000001fc   Code   RO           35    i.SX1276SetTxConfig  sx1276.o
    0x0800cae0   0x0800cae0   0x0000007c   Code   RO           36    i.SX1276SetTxContinuousWave  sx1276.o
    0x0800cb5c   0x0800cb5c   0x00000002   Code   RO         1271    i.SX1276SetXO       sx1276mb1las.o
    0x0800cb5e   0x0800cb5e   0x00000002   PAD
    0x0800cb60   0x0800cb60   0x00000038   Code   RO           37    i.SX1276StartCad    sx1276.o
    0x0800cb98   0x0800cb98   0x0000000c   Code   RO           38    i.SX1276Write       sx1276.o
    0x0800cba4   0x0800cba4   0x00000042   Code   RO           39    i.SX1276WriteBuffer  sx1276.o
    0x0800cbe6   0x0800cbe6   0x0000000e   Code   RO           40    i.SX1276WriteFifo   sx1276.o
    0x0800cbf4   0x0800cbf4   0x00000134   Code   RO         8798    i.ScheduleTx        loramac.o
    0x0800cd28   0x0800cd28   0x00000744   Code   RO         5069    i.Send              main.o
    0x0800d46c   0x0800d46c   0x00000040   Code   RO         8799    i.Send              loramac.o
    0x0800d4ac   0x0800d4ac   0x0000012c   Code   RO         8800    i.SendFrameOnChannel  loramac.o
    0x0800d5d8   0x0800d5d8   0x00000054   Code   RO         8801    i.SetTxContinuousWave  loramac.o
    0x0800d62c   0x0800d62c   0x0000003c   Code   RO         8802    i.SetTxContinuousWave1  loramac.o
    0x0800d668   0x0800d668   0x000002f0   Code   RO         6352    i.Store_Config      lora.o
    0x0800d958   0x0800d958   0x00000070   Code   RO         6353    i.Store_key         lora.o
    0x0800d9c8   0x0800d9c8   0x00000008   Code   RO         5449    i.SysTick_Handler   stm32l0xx_it.o
    0x0800d9d0   0x0800d9d0   0x0000008c   Code   RO         5346    i.SystemClock_Config  stm32l0xx_hw.o
    0x0800da5c   0x0800da5c   0x00000054   Code   RO         1351    i.SystemInit        system_stm32l0xx.o
    0x0800dab0   0x0800dab0   0x0000000c   Code   RO         9230    i.TimerGetCurrentTime  timeserver.o
    0x0800dabc   0x0800dabc   0x00000018   Code   RO         9231    i.TimerGetElapsedTime  timeserver.o
    0x0800dad4   0x0800dad4   0x0000000e   Code   RO         9232    i.TimerInit         timeserver.o
    0x0800dae2   0x0800dae2   0x00000002   PAD
    0x0800dae4   0x0800dae4   0x0000001c   Code   RO         9233    i.TimerInsertNewHeadTimer  timeserver.o
    0x0800db00   0x0800db00   0x00000078   Code   RO         9234    i.TimerIrqHandler   timeserver.o
    0x0800db78   0x0800db78   0x0000002c   Code   RO         9236    i.TimerSetTimeout   timeserver.o
    0x0800dba4   0x0800dba4   0x00000022   Code   RO         9237    i.TimerSetValue     timeserver.o
    0x0800dbc6   0x0800dbc6   0x00000002   PAD
    0x0800dbc8   0x0800dbc8   0x00000070   Code   RO         9238    i.TimerStart        timeserver.o
    0x0800dc38   0x0800dc38   0x00000060   Code   RO         9239    i.TimerStop         timeserver.o
    0x0800dc98   0x0800dc98   0x00000024   Code   RO         9373    i.TraceInit         trace.o
    0x0800dcbc   0x0800dcbc   0x00000088   Code   RO         9374    i.TraceSend         trace.o
    0x0800dd44   0x0800dd44   0x00000048   Code   RO         9375    i.Trace_TxCpltCallback  trace.o
    0x0800dd8c   0x0800dd8c   0x000000ca   Code   RO         1658    i.UART_AdvFeatureConfig  stm32l0xx_hal_uart.o
    0x0800de56   0x0800de56   0x00000002   PAD
    0x0800de58   0x0800de58   0x00000060   Code   RO         1659    i.UART_CheckIdleState  stm32l0xx_hal_uart.o
    0x0800deb8   0x0800deb8   0x00000014   Code   RO         1660    i.UART_DMAAbortOnError  stm32l0xx_hal_uart.o
    0x0800decc   0x0800decc   0x0000004a   Code   RO         1661    i.UART_DMAError     stm32l0xx_hal_uart.o
    0x0800df16   0x0800df16   0x00000030   Code   RO         1666    i.UART_DMATransmitCplt  stm32l0xx_hal_uart.o
    0x0800df46   0x0800df46   0x0000000a   Code   RO         1668    i.UART_DMATxHalfCplt  stm32l0xx_hal_uart.o
    0x0800df50   0x0800df50   0x0000001e   Code   RO         1670    i.UART_EndRxTransfer  stm32l0xx_hal_uart.o
    0x0800df6e   0x0800df6e   0x00000012   Code   RO         1671    i.UART_EndTxTransfer  stm32l0xx_hal_uart.o
    0x0800df80   0x0800df80   0x0000007e   Code   RO         1672    i.UART_Receive_IT   stm32l0xx_hal_uart.o
    0x0800dffe   0x0800dffe   0x00000002   PAD
    0x0800e000   0x0800e000   0x00000230   Code   RO         1673    i.UART_SetConfig    stm32l0xx_hal_uart.o
    0x0800e230   0x0800e230   0x00000066   Code   RO         1674    i.UART_Transmit_IT  stm32l0xx_hal_uart.o
    0x0800e296   0x0800e296   0x00000062   Code   RO         1675    i.UART_WaitOnFlagUntilTimeout  stm32l0xx_hal_uart.o
    0x0800e2f8   0x0800e2f8   0x00000010   Code   RO         5070    i.USART1_IRQHandler  main.o
    0x0800e308   0x0800e308   0x00000054   Code   RO         8803    i.ValidatePayloadLength  loramac.o
    0x0800e35c   0x0800e35c   0x000000a4   Code   RO         7939    i.VerifyTxFreq      regioneu868.o
    0x0800e400   0x0800e400   0x0000002c   Code   RO         9682    i.__0vsnprintf      mc_p.l(printfa.o)
    0x0800e42c   0x0800e42c   0x0000002e   Code   RO         9852    i.__ARM_clz         mf_p.l(depilogue.o)
    0x0800e45a   0x0800e45a   0x00000030   Code   RO         5003    i.__ARM_common_ll_muluu  hw_rtc.o
    0x0800e48a   0x0800e48a   0x0000001a   Code   RO          238    i.__ARM_common_switch8  sx1276.o
    0x0800e4a4   0x0800e4a4   0x0000002c   Code   RO         9771    i.__ARM_fpclassify  m_ps.l(fpclassify.o)
    0x0800e4d0   0x0800e4d0   0x00000022   Code   RO         9773    i.__ARM_fpclassifyf  m_ps.l(fpclassifyf.o)
    0x0800e4f2   0x0800e4f2   0x00000012   Code   RO          742    i.__ARM_isinff      filter.o
    0x0800e504   0x0800e504   0x0000000e   Code   RO          743    i.__ARM_isnanf      filter.o
    0x0800e512   0x0800e512   0x00000002   PAD
    0x0800e514   0x0800e514   0x0000039c   Code   RO         9792    i.__ieee754_rem_pio2  m_ps.l(rred.o)
    0x0800e8b0   0x0800e8b0   0x000000f4   Code   RO         9754    i.__kernel_cos      m_ps.l(cos_i.o)
    0x0800e9a4   0x0800e9a4   0x000000ac   Code   RO         9789    i.__kernel_poly     m_ps.l(poly.o)
    0x0800ea50   0x0800ea50   0x000000ec   Code   RO         9800    i.__kernel_sin      m_ps.l(sin_i.o)
    0x0800eb3c   0x0800eb3c   0x00000014   Code   RO         9757    i.__mathlib_dbl_divzero  m_ps.l(dunder.o)
    0x0800eb50   0x0800eb50   0x0000000a   Code   RO         9758    i.__mathlib_dbl_infnan  m_ps.l(dunder.o)
    0x0800eb5a   0x0800eb5a   0x00000008   Code   RO         9759    i.__mathlib_dbl_infnan2  m_ps.l(dunder.o)
    0x0800eb62   0x0800eb62   0x00000010   Code   RO         9760    i.__mathlib_dbl_invalid  m_ps.l(dunder.o)
    0x0800eb72   0x0800eb72   0x00000002   PAD
    0x0800eb74   0x0800eb74   0x00000014   Code   RO         9761    i.__mathlib_dbl_overflow  m_ps.l(dunder.o)
    0x0800eb88   0x0800eb88   0x00000014   Code   RO         9763    i.__mathlib_dbl_underflow  m_ps.l(dunder.o)
    0x0800eb9c   0x0800eb9c   0x0000000a   Code   RO         9776    i.__mathlib_flt_infnan  m_ps.l(funder.o)
    0x0800eba6   0x0800eba6   0x0000000c   Code   RO         9778    i.__mathlib_flt_invalid  m_ps.l(funder.o)
    0x0800ebb2   0x0800ebb2   0x0000000e   Code   RO         9781    i.__mathlib_flt_underflow  m_ps.l(funder.o)
    0x0800ebc0   0x0800ebc0   0x00000180   Code   RO         9797    i.__mathlib_rredf2  m_ps.l(rredf.o)
    0x0800ed40   0x0800ed40   0x0000000e   Code   RO         9868    i.__scatterload_copy  mc_p.l(handlers.o)
    0x0800ed4e   0x0800ed4e   0x00000002   Code   RO         9869    i.__scatterload_null  mc_p.l(handlers.o)
    0x0800ed50   0x0800ed50   0x0000000e   Code   RO         9870    i.__scatterload_zeroinit  mc_p.l(handlers.o)
    0x0800ed5e   0x0800ed5e   0x00000002   PAD
    0x0800ed60   0x0800ed60   0x0000000c   Code   RO         9834    i.__set_errno       mc_p.l(errno.o)
    0x0800ed6c   0x0800ed6c   0x00000174   Code   RO         9684    i._fp_digits        mc_p.l(printfa.o)
    0x0800eee0   0x0800eee0   0x000006ec   Code   RO         9685    i._printf_core      mc_p.l(printfa.o)
    0x0800f5cc   0x0800f5cc   0x00000020   Code   RO         9686    i._printf_post_padding  mc_p.l(printfa.o)
    0x0800f5ec   0x0800f5ec   0x0000002c   Code   RO         9687    i._printf_pre_padding  mc_p.l(printfa.o)
    0x0800f618   0x0800f618   0x00000016   Code   RO         9688    i._snputc           mc_p.l(printfa.o)
    0x0800f62e   0x0800f62e   0x00000054   Code   RO         9469    i.aes_encrypt       aes.o
    0x0800f682   0x0800f682   0x00000002   PAD
    0x0800f684   0x0800f684   0x000000fc   Code   RO         9470    i.aes_set_key       aes.o
    0x0800f780   0x0800f780   0x00000274   Code   RO         9558    i.asin              m_ps.l(asin.o)
    0x0800f9f4   0x0800f9f4   0x00000014   Code   RO         5643    i.at_ACE_get        at.o
    0x0800fa08   0x0800fa08   0x00000060   Code   RO         5644    i.at_ACE_set        at.o
    0x0800fa68   0x0800fa68   0x00000022   Code   RO         5645    i.at_ADR_get        at.o
    0x0800fa8a   0x0800fa8a   0x0000002a   Code   RO         5646    i.at_ADR_set        at.o
    0x0800fab4   0x0800fab4   0x0000000e   Code   RO         5647    i.at_AppEUI_get     at.o
    0x0800fac2   0x0800fac2   0x00000002   PAD
    0x0800fac4   0x0800fac4   0x00000064   Code   RO         5648    i.at_AppEUI_set     at.o
    0x0800fb28   0x0800fb28   0x0000000e   Code   RO         5649    i.at_AppKey_get     at.o
    0x0800fb36   0x0800fb36   0x0000001c   Code   RO         5650    i.at_AppKey_set     at.o
    0x0800fb52   0x0800fb52   0x0000000e   Code   RO         5651    i.at_AppSKey_get    at.o
    0x0800fb60   0x0800fb60   0x0000001c   Code   RO         5652    i.at_AppSKey_set    at.o
    0x0800fb7c   0x0800fb7c   0x0000000e   Code   RO         5655    i.at_CHS_get        at.o
    0x0800fb8a   0x0800fb8a   0x00000002   PAD
    0x0800fb8c   0x0800fb8c   0x00000038   Code   RO         5656    i.at_CHS_set        at.o
    0x0800fbc4   0x0800fbc4   0x00000024   Code   RO         5657    i.at_DataRate_get   at.o
    0x0800fbe8   0x0800fbe8   0x0000002c   Code   RO         5658    i.at_DataRate_set   at.o
    0x0800fc14   0x0800fc14   0x0000000a   Code   RO         5659    i.at_DevAddr_get    at.o
    0x0800fc1e   0x0800fc1e   0x0000001a   Code   RO         5660    i.at_DevAddr_set    at.o
    0x0800fc38   0x0800fc38   0x0000000e   Code   RO         5661    i.at_DevEUI_get     at.o
    0x0800fc46   0x0800fc46   0x00000002   PAD
    0x0800fc48   0x0800fc48   0x00000064   Code   RO         5662    i.at_DevEUI_set     at.o
    0x0800fcac   0x0800fcac   0x00000030   Code   RO         5663    i.at_DeviceClass_get  at.o
    0x0800fcdc   0x0800fcdc   0x0000002a   Code   RO         5664    i.at_DeviceClass_set  at.o
    0x0800fd06   0x0800fd06   0x00000020   Code   RO         5665    i.at_DownlinkCounter_get  at.o
    0x0800fd26   0x0800fd26   0x00000002   PAD
    0x0800fd28   0x0800fd28   0x00000028   Code   RO         5666    i.at_DownlinkCounter_set  at.o
    0x0800fd50   0x0800fd50   0x0000002c   Code   RO         5667    i.at_DutyCycle_get  at.o
    0x0800fd7c   0x0800fd7c   0x0000001e   Code   RO         5668    i.at_DutyCycle_set  at.o
    0x0800fd9a   0x0800fd9a   0x00000002   PAD
    0x0800fd9c   0x0800fd9c   0x00000028   Code   RO         5669    i.at_FDR            at.o
    0x0800fdc4   0x0800fdc4   0x0000000a   Code   RO         5670    i.at_Join           at.o
    0x0800fdce   0x0800fdce   0x00000020   Code   RO         5671    i.at_JoinAcceptDelay1_get  at.o
    0x0800fdee   0x0800fdee   0x00000002   PAD
    0x0800fdf0   0x0800fdf0   0x00000028   Code   RO         5672    i.at_JoinAcceptDelay1_set  at.o
    0x0800fe18   0x0800fe18   0x00000020   Code   RO         5673    i.at_JoinAcceptDelay2_get  at.o
    0x0800fe38   0x0800fe38   0x00000028   Code   RO         5674    i.at_JoinAcceptDelay2_set  at.o
    0x0800fe60   0x0800fe60   0x00000014   Code   RO         5675    i.at_KAT_get        at.o
    0x0800fe74   0x0800fe74   0x0000005c   Code   RO         5676    i.at_KAT_set        at.o
    0x0800fed0   0x0800fed0   0x00000020   Code   RO         5677    i.at_NMEA353_get    at.o
    0x0800fef0   0x0800fef0   0x00000038   Code   RO         5678    i.at_NMEA353_set    at.o
    0x0800ff28   0x0800ff28   0x00000020   Code   RO         5679    i.at_NMEA886_get    at.o
    0x0800ff48   0x0800ff48   0x00000050   Code   RO         5680    i.at_NMEA886_set    at.o
    0x0800ff98   0x0800ff98   0x00000054   Code   RO         5681    i.at_NetworkID_get  at.o
    0x0800ffec   0x0800ffec   0x00000022   Code   RO         5682    i.at_NetworkID_set  at.o
    0x0801000e   0x0801000e   0x00000014   Code   RO         5683    i.at_NetworkJoinMode_get  at.o
    0x08010022   0x08010022   0x0000001e   Code   RO         5684    i.at_NetworkJoinMode_set  at.o
    0x08010040   0x08010040   0x00000028   Code   RO         5685    i.at_NetworkJoinStatus  at.o
    0x08010068   0x08010068   0x0000000e   Code   RO         5686    i.at_NwkSKey_get    at.o
    0x08010076   0x08010076   0x0000001c   Code   RO         5687    i.at_NwkSKey_set    at.o
    0x08010092   0x08010092   0x00000002   PAD
    0x08010094   0x08010094   0x00000028   Code   RO         5688    i.at_PDOP_get       at.o
    0x080100bc   0x080100bc   0x0000006c   Code   RO         5689    i.at_PDOP_set       at.o
    0x08010128   0x08010128   0x00000022   Code   RO         5690    i.at_PublicNetwork_get  at.o
    0x0801014a   0x0801014a   0x0000002a   Code   RO         5691    i.at_PublicNetwork_set  at.o
    0x08010174   0x08010174   0x00000044   Code   RO         5692    i.at_Receive        at.o
    0x080101b8   0x080101b8   0x00000050   Code   RO         5693    i.at_ReceiveBinary  at.o
    0x08010208   0x08010208   0x00000020   Code   RO         5694    i.at_Rx1Delay_get   at.o
    0x08010228   0x08010228   0x00000028   Code   RO         5695    i.at_Rx1Delay_set   at.o
    0x08010250   0x08010250   0x00000022   Code   RO         5696    i.at_Rx2DataRate_get  at.o
    0x08010272   0x08010272   0x00000002   PAD
    0x08010274   0x08010274   0x00000040   Code   RO         5697    i.at_Rx2DataRate_set  at.o
    0x080102b4   0x080102b4   0x00000020   Code   RO         5698    i.at_Rx2Delay_get   at.o
    0x080102d4   0x080102d4   0x00000028   Code   RO         5699    i.at_Rx2Delay_set   at.o
    0x080102fc   0x080102fc   0x00000020   Code   RO         5700    i.at_Rx2Frequency_get  at.o
    0x0801031c   0x0801031c   0x0000003c   Code   RO         5701    i.at_Rx2Frequency_set  at.o
    0x08010358   0x08010358   0x00000098   Code   RO         5702    i.at_Send           at.o
    0x080103f0   0x080103f0   0x000000cc   Code   RO         5703    i.at_SendBinary     at.o
    0x080104bc   0x080104bc   0x00000014   Code   RO         5704    i.at_TDC_get        at.o
    0x080104d0   0x080104d0   0x0000005c   Code   RO         5705    i.at_TDC_set        at.o
    0x0801052c   0x0801052c   0x00000024   Code   RO         5706    i.at_TransmitPower_get  at.o
    0x08010550   0x08010550   0x0000002c   Code   RO         5707    i.at_TransmitPower_set  at.o
    0x0801057c   0x0801057c   0x00000020   Code   RO         5708    i.at_UplinkCounter_get  at.o
    0x0801059c   0x0801059c   0x00000028   Code   RO         5709    i.at_UplinkCounter_set  at.o
    0x080105c4   0x080105c4   0x00000014   Code   RO         5710    i.at_ack_get        at.o
    0x080105d8   0x080105d8   0x0000001e   Code   RO         5711    i.at_ack_set        at.o
    0x080105f6   0x080105f6   0x0000000e   Code   RO         5712    i.at_application_port_get  at.o
    0x08010604   0x08010604   0x00000028   Code   RO         5713    i.at_application_port_set  at.o
    0x0801062c   0x0801062c   0x00000014   Code   RO         5714    i.at_ftime_get      at.o
    0x08010640   0x08010640   0x00000024   Code   RO         5715    i.at_ftime_set      at.o
    0x08010664   0x08010664   0x00000154   Code   RO         5716    i.at_hardware_ic_get  at.o
    0x080107b8   0x080107b8   0x00000044   Code   RO         5717    i.at_hardware_ic_set  at.o
    0x080107fc   0x080107fc   0x00000014   Code   RO         5718    i.at_isack_get      at.o
    0x08010810   0x08010810   0x00000014   Code   RO         5719    i.at_lon_get        at.o
    0x08010824   0x08010824   0x00000020   Code   RO         5720    i.at_lon_set        at.o
    0x08010844   0x08010844   0x00000044   Code   RO         5721    i.at_md_get         at.o
    0x08010888   0x08010888   0x0000007c   Code   RO         5722    i.at_md_set         at.o
    0x08010904   0x08010904   0x00000014   Code   RO         5723    i.at_mlon_get       at.o
    0x08010918   0x08010918   0x00000020   Code   RO         5724    i.at_mlon_set       at.o
    0x08010938   0x08010938   0x00000004   Code   RO         5725    i.at_reset          at.o
    0x0801093c   0x0801093c   0x00000004   Code   RO         5726    i.at_return_error   at.o
    0x08010940   0x08010940   0x0000000e   Code   RO         5728    i.at_rssi_get       at.o
    0x0801094e   0x0801094e   0x00000002   PAD
    0x08010950   0x08010950   0x00000014   Code   RO         5729    i.at_sgm_get        at.o
    0x08010964   0x08010964   0x00000038   Code   RO         5730    i.at_sgm_set        at.o
    0x0801099c   0x0801099c   0x0000000e   Code   RO         5731    i.at_snr_get        at.o
    0x080109aa   0x080109aa   0x00000002   PAD
    0x080109ac   0x080109ac   0x00000014   Code   RO         5732    i.at_symbtimeout1LSB_get  at.o
    0x080109c0   0x080109c0   0x0000002c   Code   RO         5733    i.at_symbtimeout1LSB_set  at.o
    0x080109ec   0x080109ec   0x00000014   Code   RO         5734    i.at_symbtimeout2LSB_get  at.o
    0x08010a00   0x08010a00   0x0000002c   Code   RO         5735    i.at_symbtimeout2LSB_set  at.o
    0x08010a2c   0x08010a2c   0x0000001c   Code   RO         5736    i.at_version_get    at.o
    0x08010a48   0x08010a48   0x0000021c   Code   RO         9568    i.atan              m_ps.l(atan.o)
    0x08010c64   0x08010c64   0x00000178   Code   RO         9578    i.atan2             m_ps.l(atan2.o)
    0x08010ddc   0x08010ddc   0x0000002e   Code   RO         5071    i.belongingPlan     main.o
    0x08010e0a   0x08010e0a   0x00000002   PAD
    0x08010e0c   0x08010e0c   0x000000c8   Code   RO         9586    i.ceil              m_ps.l(ceil.o)
    0x08010ed4   0x08010ed4   0x00000010   Code   RO         9075    i.certif_DownLinkIncrement  lora-test.o
    0x08010ee4   0x08010ee4   0x00000014   Code   RO         9076    i.certif_linkCheck  lora-test.o
    0x08010ef8   0x08010ef8   0x0000000c   Code   RO         9077    i.certif_running    lora-test.o
    0x08010f04   0x08010f04   0x00000194   Code   RO         9078    i.certif_rx         lora-test.o
    0x08011098   0x08011098   0x000000a4   Code   RO         9079    i.certif_tx         lora-test.o
    0x0801113c   0x0801113c   0x0000003c   Code   RO          498    i.check             gps.o
    0x08011178   0x08011178   0x0000001c   Code   RO         6282    i.com_error         command.o
    0x08011194   0x08011194   0x00000084   Code   RO         9471    i.copy_and_key      aes.o
    0x08011218   0x08011218   0x00000042   Code   RO         9472    i.copy_block        aes.o
    0x0801125a   0x0801125a   0x0000003c   Code   RO          499    i.copytxdata        gps.o
    0x08011296   0x08011296   0x00000002   PAD
    0x08011298   0x08011298   0x00000098   Code   RO         9590    i.cos               m_ps.l(cos.o)
    0x08011330   0x08011330   0x00000178   Code   RO         9598    i.cosf              m_ps.l(cosf.o)
    0x080114a8   0x080114a8   0x0000000c   Code   RO         6354    i.customize_freq1_get  lora.o
    0x080114b4   0x080114b4   0x0000000c   Code   RO         6355    i.customize_freq1_set  lora.o
    0x080114c0   0x080114c0   0x0000000c   Code   RO         6357    i.customize_set8channel_set  lora.o
    0x080114cc   0x080114cc   0x0000016c   Code   RO         5072    i.detectFall        main.o
    0x08011638   0x08011638   0x000000c8   Code   RO         9606    i.floor             m_ps.l(floor.o)
    0x08011700   0x08011700   0x0000000c   Code   RO         6358    i.gps_state_no      lora.o
    0x0801170c   0x0801170c   0x0000000c   Code   RO         6359    i.gps_state_off     lora.o
    0x08011718   0x08011718   0x0000000c   Code   RO         6360    i.gps_state_on      lora.o
    0x08011724   0x08011724   0x00000034   Code   RO         5073    i.invSqrt           main.o
    0x08011758   0x08011758   0x000001de   Code   RO         5074    i.isASegment        main.o
    0x08011936   0x08011936   0x00000002   PAD
    0x08011938   0x08011938   0x00000064   Code   RO         6361    i.key_printf        lora.o
    0x0801199c   0x0801199c   0x00000008   Code   RO         6362    i.lora_config_appeui_get  lora.o
    0x080119a4   0x080119a4   0x00000014   Code   RO         6363    i.lora_config_appeui_set  lora.o
    0x080119b8   0x080119b8   0x00000008   Code   RO         6364    i.lora_config_appkey_get  lora.o
    0x080119c0   0x080119c0   0x00000014   Code   RO         6365    i.lora_config_appkey_set  lora.o
    0x080119d4   0x080119d4   0x0000000c   Code   RO         6366    i.lora_config_application_port_get  lora.o
    0x080119e0   0x080119e0   0x0000000c   Code   RO         6367    i.lora_config_application_port_set  lora.o
    0x080119ec   0x080119ec   0x00000008   Code   RO         6368    i.lora_config_appskey_get  lora.o
    0x080119f4   0x080119f4   0x00000014   Code   RO         6369    i.lora_config_appskey_set  lora.o
    0x08011a08   0x08011a08   0x0000001c   Code   RO         6370    i.lora_config_devaddr_get  lora.o
    0x08011a24   0x08011a24   0x0000000c   Code   RO         6371    i.lora_config_devaddr_set  lora.o
    0x08011a30   0x08011a30   0x00000008   Code   RO         6372    i.lora_config_deveui_get  lora.o
    0x08011a38   0x08011a38   0x00000014   Code   RO         6373    i.lora_config_deveui_set  lora.o
    0x08011a4c   0x08011a4c   0x0000000c   Code   RO         6374    i.lora_config_duty_cycle_get  lora.o
    0x08011a58   0x08011a58   0x00000018   Code   RO         6375    i.lora_config_duty_cycle_set  lora.o
    0x08011a70   0x08011a70   0x00000018   Code   RO         6376    i.lora_config_isack_get  lora.o
    0x08011a88   0x08011a88   0x00000008   Code   RO         6377    i.lora_config_nwkskey_get  lora.o
    0x08011a90   0x08011a90   0x00000014   Code   RO         6378    i.lora_config_nwkskey_set  lora.o
    0x08011aa4   0x08011aa4   0x0000000c   Code   RO         6379    i.lora_config_otaa_get  lora.o
    0x08011ab0   0x08011ab0   0x0000000c   Code   RO         6380    i.lora_config_otaa_set  lora.o
    0x08011abc   0x08011abc   0x0000000c   Code   RO         6381    i.lora_config_reqack_get  lora.o
    0x08011ac8   0x08011ac8   0x0000000c   Code   RO         6382    i.lora_config_reqack_set  lora.o
    0x08011ad4   0x08011ad4   0x0000000c   Code   RO         6383    i.lora_config_rssi_get  lora.o
    0x08011ae0   0x08011ae0   0x0000000c   Code   RO         6384    i.lora_config_snr_get  lora.o
    0x08011aec   0x08011aec   0x0000000c   Code   RO         6386    i.lora_config_tx_datarate_set  lora.o
    0x08011af8   0x08011af8   0x0000000c   Code   RO         6387    i.lora_getGPSState  lora.o
    0x08011b04   0x08011b04   0x0000000c   Code   RO         6388    i.lora_getState     lora.o
    0x08011b10   0x08011b10   0x000005d0   Code   RO         5075    i.lora_send         main.o
    0x080120e0   0x080120e0   0x0000000c   Code   RO         6390    i.lora_state_GPS_Send  lora.o
    0x080120ec   0x080120ec   0x00000058   Code   RO         6391    i.lora_state_INT    lora.o
    0x08012144   0x08012144   0x0000000c   Code   RO         6392    i.lora_state_Led    lora.o
    0x08012150   0x08012150   0x00000110   Code   RO         5076    i.main              main.o
    0x08012260   0x08012260   0x00000016   Code   RO         9315    i.memcpy1           utilities.o
    0x08012276   0x08012276   0x0000001a   Code   RO         9316    i.memcpyr           utilities.o
    0x08012290   0x08012290   0x00000012   Code   RO         9317    i.memset1           utilities.o
    0x080122a2   0x080122a2   0x00000002   PAD
    0x080122a4   0x080122a4   0x00000218   Code   RO         9473    i.mix_sub_columns   aes.o
    0x080124bc   0x080124bc   0x0000000a   Code   RO          501    i.my_atof           gps.o
    0x080124c6   0x080124c6   0x00000048   Code   RO          502    i.my_atoi           gps.o
    0x0801250e   0x0801250e   0x00000002   PAD
    0x08012510   0x08012510   0x0000011c   Code   RO          503    i.my_strtod         gps.o
    0x0801262c   0x0801262c   0x00000010   Code   RO         8804    i.onNetworkJointimesout  loramac.o
    0x0801263c   0x0801263c   0x00000118   Code   RO         6283    i.parse_cmd         command.o
    0x08012754   0x08012754   0x0000009a   Code   RO         5077    i.pnpoly            main.o
    0x080127ee   0x080127ee   0x00000060   Code   RO         5078    i.pnpolyLatLon      main.o
    0x0801284e   0x0801284e   0x00000002   PAD
    0x08012850   0x08012850   0x000009fc   Code   RO         9610    i.pow               m_ps.l(pow.o)
    0x0801324c   0x0801324c   0x0000002a   Code   RO         4761    i.powerLED          bsp.o
    0x08013276   0x08013276   0x00000002   PAD
    0x08013278   0x08013278   0x0000004c   Code   RO         5737    i.print_16_02x      at.o
    0x080132c4   0x080132c4   0x00000058   Code   RO         5738    i.print_8_02x       at.o
    0x0801331c   0x0801331c   0x0000001c   Code   RO         5739    i.print_d           at.o
    0x08013338   0x08013338   0x0000001c   Code   RO         5740    i.print_u           at.o
    0x08013354   0x08013354   0x000000fc   Code   RO         8805    i.printf_joinmessage  loramac.o
    0x08013450   0x08013450   0x00000334   Code   RO         5079    i.printf_uplink     main.o
    0x08013784   0x08013784   0x0000002c   Code   RO         9318    i.rand1             utilities.o
    0x080137b0   0x080137b0   0x00000016   Code   RO         9319    i.randr             utilities.o
    0x080137c6   0x080137c6   0x0000007e   Code   RO         6395    i.read_data         lora.o
    0x08013844   0x08013844   0x00000018   Code   RO         6396    i.region_printf     lora.o
    0x0801385c   0x0801385c   0x0000009c   Code   RO         9619    i.round             m_ps.l(round.o)
    0x080138f8   0x080138f8   0x000000c0   Code   RO         5080    i.send_ALARM_data   main.o
    0x080139b8   0x080139b8   0x000000e8   Code   RO         5081    i.send_data         main.o
    0x08013aa0   0x08013aa0   0x00000018   Code   RO         5082    i.send_exti         main.o
    0x08013ab8   0x08013ab8   0x00000078   Code   RO          505    i.send_setting      gps.o
    0x08013b30   0x08013b30   0x00000024   Code   RO         5741    i.set_at_receive    at.o
    0x08013b54   0x08013b54   0x00000068   Code   RO         9474    i.shift_sub_rows    aes.o
    0x08013bbc   0x08013bbc   0x0000009c   Code   RO         9622    i.sin               m_ps.l(sin.o)
    0x08013c58   0x08013c58   0x00000036   Code   RO          506    i.split             gps.o
    0x08013c8e   0x08013c8e   0x00000002   PAD
    0x08013c90   0x08013c90   0x00000048   Code   RO         9630    i.sqrt              m_ps.l(sqrt.o)
    0x08013cd8   0x08013cd8   0x0000000c   Code   RO         9320    i.srand1            utilities.o
    0x08013ce4   0x08013ce4   0x0000004c   Code   RO         5742    i.sscanf_16_hhx     at.o
    0x08013d30   0x08013d30   0x00000028   Code   RO         5743    i.sscanf_uint32_as_hhx  at.o
    0x08013d58   0x08013d58   0x000000c8   Code   RO         6397    i.store_data        lora.o
    0x08013e20   0x08013e20   0x00000170   Code   RO         9638    i.tanf              m_ps.l(tanf.o)
    0x08013f90   0x08013f90   0x000000e8   Code   RO         5083    i.timing            main.o
    0x08014078   0x08014078   0x00000014   Code   RO         6723    i.tiny_sscanf       tiny_sscanf.o
    0x0801408c   0x0801408c   0x00000254   Code   RO         6724    i.tiny_vfscanf      tiny_sscanf.o
    0x080142e0   0x080142e0   0x00000020   Code   RO         5744    i.translate_status  at.o
    0x08014300   0x08014300   0x0000003a   Code   RO          665    i.usart1_IRQHandler  bsp_usart2.o
    0x0801433a   0x0801433a   0x00000002   PAD
    0x0801433c   0x0801433c   0x00000048   Code   RO          666    i.usart1_Init       bsp_usart2.o
    0x08014384   0x08014384   0x00000054   Code   RO          668    i.usart1_IoInit     bsp_usart2.o
    0x080143d8   0x080143d8   0x00000044   Code   RO         5084    i.valueXCartesian   main.o
    0x0801441c   0x0801441c   0x00000044   Code   RO         5085    i.valueYCartesian   main.o
    0x08014460   0x08014460   0x00000028   Code   RO         5086    i.valueZCartesian   main.o
    0x08014488   0x08014488   0x00000010   Code   RO         5556    i.vcom_DMA_TX_IRQHandler  vcom.o
    0x08014498   0x08014498   0x00000010   Code   RO         5558    i.vcom_IRQHandler   vcom.o
    0x080144a8   0x080144a8   0x0000003c   Code   RO         5559    i.vcom_Init         vcom.o
    0x080144e4   0x080144e4   0x00000060   Code   RO         5561    i.vcom_IoInit       vcom.o
    0x08014544   0x08014544   0x0000002c   Code   RO         5562    i.vcom_ReceiveInit  vcom.o
    0x08014570   0x08014570   0x00000014   Code   RO         5563    i.vcom_Trace        vcom.o
    0x08014584   0x08014584   0x00000082   Code   RO         9475    i.xor_block         aes.o
    0x08014606   0x08014606   0x00000002   PAD
    0x08014608   0x08014608   0x000000e0   Data   RO           42    .constdata          sx1276.o
    0x080146e8   0x080146e8   0x00000068   Data   RO         1272    .constdata          sx1276mb1las.o
    0x08014750   0x08014750   0x00000019   Data   RO         1352    .constdata          system_stm32l0xx.o
    0x08014769   0x08014769   0x00000008   Data   RO         1353    .constdata          system_stm32l0xx.o
    0x08014771   0x08014771   0x00000018   Data   RO         4913    .constdata          hw_rtc.o
    0x08014789   0x08014789   0x00000003   PAD
    0x0801478c   0x0801478c   0x00000030   Data   RO         5089    .constdata          main.o
    0x080147bc   0x080147bc   0x00000500   Data   RO         6285    .constdata          command.o
    0x08014cbc   0x08014cbc   0x00000064   Data   RO         6399    .constdata          lora.o
    0x08014d20   0x08014d20   0x0000008c   Data   RO         7941    .constdata          regioneu868.o
    0x08014dac   0x08014dac   0x00000010   Data   RO         8807    .constdata          loramac.o
    0x08014dbc   0x08014dbc   0x00000300   Data   RO         9476    .constdata          aes.o
    0x080150bc   0x080150bc   0x00000004   PAD
    0x080150c0   0x080150c0   0x00000050   Data   RO         9559    .constdata          m_ps.l(asin.o)
    0x08015110   0x08015110   0x00000098   Data   RO         9569    .constdata          m_ps.l(atan.o)
    0x080151a8   0x080151a8   0x00000088   Data   RO         9611    .constdata          m_ps.l(pow.o)
    0x08015230   0x08015230   0x00000030   Data   RO         9755    .constdata          m_ps.l(cos_i.o)
    0x08015260   0x08015260   0x00000008   Data   RO         9791    .constdata          m_ps.l(qnan.o)
    0x08015268   0x08015268   0x000000c8   Data   RO         9794    .constdata          m_ps.l(rred.o)
    0x08015330   0x08015330   0x00000020   Data   RO         9798    .constdata          m_ps.l(rredf.o)
    0x08015350   0x08015350   0x00000028   Data   RO         9801    .constdata          m_ps.l(sin_i.o)
    0x08015378   0x08015378   0x00000040   Data   RO         9830    .constdata          mc_p.l(ctype_c.o)
    0x080153b8   0x080153b8   0x000000a4   Data   RO         5747    .conststring        at.o
    0x0801545c   0x0801545c   0x00000f6e   Data   RO         6286    .conststring        command.o
    0x080163ca   0x080163ca   0x00000002   PAD
    0x080163cc   0x080163cc   0x00000020   Data   RO         9866    Region$$Table       anon$$obj.o


    Execution Region RW_IRAM1 (Exec base: 0x20000000, Load base: 0x080163ec, Size: 0x000022a0, Max: 0x00005000, ABSOLUTE, COMPRESSED[0x00000100])

    Exec Addr    Load Addr    Size         Type   Attr      Idx    E Section Name        Object

    0x20000000   COMPRESSED   0x00000020   Data   RW           43    .data               sx1276.o
    0x20000020   COMPRESSED   0x00000008   Data   RW          435    .data               flash_eraseprogram.o
    0x20000028   COMPRESSED   0x0000002c   Data   RW          508    .data               gps.o
    0x20000054   COMPRESSED   0x000000c0   Data   RW          744    .data               filter.o
    0x20000114   COMPRESSED   0x00000044   Data   RW          939    .data               mpu9250.o
    0x20000158   COMPRESSED   0x0000001c   Data   RW         1273    .data               sx1276mb1las.o
    0x20000174   COMPRESSED   0x00000004   Data   RW         1354    .data               system_stm32l0xx.o
    0x20000178   COMPRESSED   0x00000004   Data   RW         2392    .data               stm32l0xx_hal.o
    0x2000017c   COMPRESSED   0x00000006   Data   RW         4762    .data               bsp.o
    0x20000182   COMPRESSED   0x00000004   Data   RW         4914    .data               hw_rtc.o
    0x20000186   COMPRESSED   0x00000002   PAD
    0x20000188   COMPRESSED   0x0000019c   Data   RW         5090    .data               main.o
    0x20000324   COMPRESSED   0x00000002   Data   RW         5100    .data               main.o
    0x20000326   COMPRESSED   0x00000002   Data   RW         5348    .data               stm32l0xx_hw.o
    0x20000328   COMPRESSED   0x00000001   Data   RW         5451    .data               stm32l0xx_it.o
    0x20000329   COMPRESSED   0x00000003   PAD
    0x2000032c   COMPRESSED   0x0000000c   Data   RW         5565    .data               vcom.o
    0x20000338   COMPRESSED   0x00000034   Data   RW         5748    .data               at.o
    0x2000036c   COMPRESSED   0x00000008   Data   RW         6287    .data               command.o
    0x20000374   COMPRESSED   0x00000080   Data   RW         6400    .data               lora.o
    0x200003f4   COMPRESSED   0x00000068   Data   RW         7942    .data               regioneu868.o
    0x2000045c   COMPRESSED   0x0000006c   Data   RW         8808    .data               loramac.o
    0x200004c8   COMPRESSED   0x00000020   Data   RW         9022    .data               loramaccrypto.o
    0x200004e8   COMPRESSED   0x00000002   Data   RW         9081    .data               lora-test.o
    0x200004ea   COMPRESSED   0x00000002   PAD
    0x200004ec   COMPRESSED   0x00000008   Data   RW         9164    .data               low_power_manager.o
    0x200004f4   COMPRESSED   0x00000004   Data   RW         9240    .data               timeserver.o
    0x200004f8   COMPRESSED   0x00000004   Data   RW         9321    .data               utilities.o
    0x200004fc   COMPRESSED   0x00000001   Data   RW         9377    .data               trace.o
    0x200004fd   COMPRESSED   0x00000003   PAD
    0x20000500   COMPRESSED   0x00000004   Data   RW         9835    .data               mc_p.l(errno.o)
    0x20000504        -       0x000001a4   Zero   RW           41    .bss                sx1276.o
    0x200006a8        -       0x0000000c   Zero   RW          434    .bss                flash_eraseprogram.o
    0x200006b4        -       0x000008d8   Zero   RW          507    .bss                gps.o
    0x20000f8c        -       0x00000070   Zero   RW          670    .bss                bsp_usart2.o
    0x20000ffc        -       0x0000003c   Zero   RW          846    .bss                iic.o
    0x20001038        -       0x00000018   Zero   RW         4667    .bss                stm32l0xx_hal_flash.o
    0x20001050        -       0x00000040   Zero   RW         4850    .bss                hw_gpio.o
    0x20001090        -       0x00000068   Zero   RW         4912    .bss                hw_rtc.o
    0x200010f8        -       0x00000058   Zero   RW         5019    .bss                hw_spi.o
    0x20001150        -       0x00000040   Zero   RW         5087    .bss                main.o
    0x20001190        -       0x0000003c   Zero   RW         5088    .bss                main.o
    0x200011cc        -       0x00000060   Zero   RW         5347    .bss                stm32l0xx_hw.o
    0x2000122c        -       0x000000b0   Zero   RW         5564    .bss                vcom.o
    0x200012dc        -       0x00000040   Zero   RW         5745    .bss                at.o
    0x2000131c        -       0x000000ff   Zero   RW         5746    .bss                at.o
    0x2000141b        -       0x00000080   Zero   RW         6284    .bss                command.o
    0x2000149b   COMPRESSED   0x00000001   PAD
    0x2000149c        -       0x00000128   Zero   RW         6398    .bss                lora.o
    0x200015c4        -       0x000000c0   Zero   RW         7940    .bss                regioneu868.o
    0x20001684        -       0x00000470   Zero   RW         8806    .bss                loramac.o
    0x20001af4        -       0x0000022c   Zero   RW         9021    .bss                loramaccrypto.o
    0x20001d20        -       0x0000005e   Zero   RW         9080    .bss                lora-test.o
    0x20001d7e   COMPRESSED   0x00000002   PAD
    0x20001d80        -       0x00000120   Zero   RW         9376    .bss                trace.o
    0x20001ea0        -       0x00000400   Zero   RW         4746    STACK               startup_stm32l072xx.o


==============================================================================

Image component sizes


      Code (inc. data)   RO Data    RW Data    ZI Data      Debug   Object Name

      1304         12        768          0          0      14732   aes.o
      4592       1000        164         52        319      65694   at.o
       378         28          0          6          0       5103   bsp.o
       214         20          0          0        112       3292   bsp_usart2.o
       554          0          0          0          0       4637   cmac.o
       440         58       5230          8        128       4214   command.o
        98          4          0          0          0       1471   debug.o
         8          0          0          0          0       1190   delay.o
        88         12          0          0          0       1073   exti_wakeup.o
      1580        120          0        192          0      14026   filter.o
       348        134          0          8         12       6907   flash_eraseprogram.o
      3440        516          0         44       2264      19615   gps.o
       234         26          0          0         64       4081   hw_gpio.o
       938         98         24          4        104      12377   hw_rtc.o
       372         24          0          0         88       3363   hw_spi.o
       736         26          0          0         60       8298   iic.o
       624         52          0          2         94       7503   lora-test.o
      3992        842        100        128        296      35979   lora.o
      8320        874         16        108       1136      50485   loramac.o
       604         42          0         32        556       8111   loramaccrypto.o
       178         22          0          8          0       5626   low_power_manager.o
     11538       1374         48        414        124      39521   main.o
      1028         32          0         68          0      12319   mpu9250.o
       918          8          0          0          0       6178   queue.o
       444          0          0          0          0      30800   region.o
         0          0          0          0          0      13768   regionas923.o
         0          0          0          0          0       1240   regionau915.o
      1106         36          0          0          0      15758   regioncommon.o
      2962        364        140        104        192      29190   regioneu868.o
        28          8        192          0       1024        676   startup_stm32l072xx.o
       108         30          0          4          0       4948   stm32l0xx_hal.o
      1026         36          0          0          0       7484   stm32l0xx_hal_adc.o
       170          0          0          0          0       1686   stm32l0xx_hal_adc_ex.o
        96         14          0          0          0      10348   stm32l0xx_hal_cortex.o
      1164         20          0          0          0       5186   stm32l0xx_hal_dma.o
       396         54          0          0         24       4314   stm32l0xx_hal_flash.o
       304         50          0          0          0       5544   stm32l0xx_hal_flash_ex.o
       434         38          0          0          0       4166   stm32l0xx_hal_gpio.o
       196         14          0          0          0       3583   stm32l0xx_hal_msp.o
       116         22          0          0          0       2098   stm32l0xx_hal_pwr.o
        32          8          0          0          0       1269   stm32l0xx_hal_pwr_ex.o
      1772        114          0          0          0       7420   stm32l0xx_hal_rcc.o
       844         56          0          0          0       3661   stm32l0xx_hal_rcc_ex.o
      1514         26          0          0          0      10700   stm32l0xx_hal_rtc.o
        60          0          0          0          0       1343   stm32l0xx_hal_rtc_ex.o
      1008          0          0          0          0       4771   stm32l0xx_hal_spi.o
      2332        106          0          0          0      17236   stm32l0xx_hal_uart.o
       196          4          0          0          0       3104   stm32l0xx_hal_uart_ex.o
       864        128          0          2         96       8752   stm32l0xx_hw.o
       282         32          0          1          0       6813   stm32l0xx_it.o
      5530        386        224         32        420     466312   sx1276.o
       534         60        104         28          0      13233   sx1276mb1las.o
        84         18         33          4          0       1783   system_stm32l0xx.o
       484         18          0          4          0       8567   timeserver.o
       616         22          0          0          0       4566   tiny_sscanf.o
       244         28          0          1        288       4643   trace.o
       144         24          0          4          0       5019   utilities.o
       488         66          0         12        176       6305   vcom.o

    ----------------------------------------------------------------------
     68206       7106       7084       1280       7580    1052081   Object Totals
         0          0         32          0          0          0   (incl. Generated)
       102          0          9         10          3          0   (incl. Padding)

    ----------------------------------------------------------------------

      Code (inc. data)   RO Data    RW Data    ZI Data      Debug   Library Member Name

       628         54         80          0          0        104   asin.o
       540         68        152          0          0        112   atan.o
       376         42          0          0          0        144   atan2.o
       200         20          0          0          0         76   ceil.o
       152         10          0          0          0        104   cos.o
       244         20         48          0          0         92   cos_i.o
       376         58          0          0          0        104   cosf.o
        94         14          0          0          0        408   dunder.o
       200         20          0          0          0         76   floor.o
        44          4          0          0          0         60   fpclassify.o
        34          0          0          0          0         60   fpclassifyf.o
        36          0          0          0          0        204   funder.o
       172          0          0          0          0         76   poly.o
      2556        196        136          0          0        240   pow.o
         0          0          8          0          0          0   qnan.o
       156         14          0          0          0         84   round.o
       924         86        200          0          0        120   rred.o
       384         18         32          0          0         88   rredf.o
       156         10          0          0          0        104   sin.o
       236         14         40          0          0        100   sin_i.o
        72          6          0          0          0         76   sqrt.o
       368         56          0          0          0        100   tanf.o
        60         10          0          0          0         84   __0sscanf.o
        86          0          0          0          0          0   __dczerorl2.o
        30          0          0          0          0         60   _chval.o
       824         12          0          0          0         84   _scanf.o
       330          0          0          0          0         84   _scanf_int.o
        68          0          0          0          0         76   _sgetc.o
        36          4         64          0          0         60   ctype_c.o
         0          0          0          0          0          0   entry.o
         0          0          0          0          0          0   entry10a.o
         0          0          0          0          0          0   entry11a.o
         8          4          0          0          0          0   entry2.o
         4          0          0          0          0          0   entry5.o
         0          0          0          0          0          0   entry7b.o
         0          0          0          0          0          0   entry8b.o
         8          4          0          0          0          0   entry9a.o
        12          6          0          4          0         60   errno.o
        30          0          0          0          0          0   handlers.o
        40          0          0          0          0         72   idiv.o
        36          8          0          0          0         68   init.o
        14          0          0          0          0         68   isspace_c.o
         0          0          0          0          0          0   iusefp.o
       122          0          0          0          0         84   llmul.o
        32          0          0          0          0         68   llshl.o
        38          0          0          0          0         68   llsshr.o
        34          0          0          0          0         68   llushr.o
        36          0          0          0          0         60   memcpya.o
        36          0          0          0          0        100   memseta.o
      2286         94          0          0          0        460   printfa.o
        44          8          0          0          0         84   scanf_char.o
        28          0          0          0          0         68   strcmp.o
        18          0          0          0          0         60   strcpy.o
        14          0          0          0          0         60   strlen.o
        30          0          0          0          0         72   strncmp.o
        26          0          0          0          0         68   strncpy.o
        44          0          0          0          0         72   uidiv.o
        96          0          0          0          0         84   uldiv.o
        20          0          0          0          0         60   uread4.o
        40          2          0          0          0         68   cdcmple.o
        40          2          0          0          0         68   cdrcmple.o
        20          0          0          0          0         68   cfcmple.o
        20          0          0          0          0         68   cfrcmple.o
        56          0          0          0          0         68   d2f.o
       356          4          0          0          0        140   dadd.o
       240          6          0          0          0         84   ddiv.o
       236          0          0          0          0        216   depilogue.o
        72         10          0          0          0         72   dfixi.o
        60         10          0          0          0         68   dfixui.o
        64         10          0          0          0         68   dfixul.o
        40          6          0          0          0         68   dflti.o
        28          4          0          0          0         68   dfltui.o
       208          6          0          0          0         88   dmul.o
       124         10          0          0          0         76   drnd.o
        44          0          0          0          0         72   dscalb.o
       162          0          0          0          0         80   dsqrt.o
        40          0          0          0          0         60   f2d.o
       178          0          0          0          0        108   fadd.o
       124          0          0          0          0         72   fdiv.o
       130          0          0          0          0        144   fepilogue.o
        50          0          0          0          0         60   ffixi.o
        40          0          0          0          0         60   ffixui.o
        22          0          0          0          0         68   fflti.o
        14          0          0          0          0         68   ffltui.o
       122          0          0          0          0         72   fmul.o
        62          0          0          0          0         68   frnd.o
        24          0          0          0          0         60   fscalb.o

    ----------------------------------------------------------------------
     15066        930        760          4          0       7064   Library Totals
        12          0          0          0          0          0   (incl. Padding)

    ----------------------------------------------------------------------

      Code (inc. data)   RO Data    RW Data    ZI Data      Debug   Library Name

      7948        710        696          0          0       2532   m_ps.l
      4490        150         64          4          0       2252   mc_p.l
      2616         70          0          0          0       2280   mf_p.l

    ----------------------------------------------------------------------
     15066        930        760          4          0       7064   Library Totals

    ----------------------------------------------------------------------

==============================================================================


      Code (inc. data)   RO Data    RW Data    ZI Data      Debug   

     83272       8036       7844       1284       7580    1029197   Grand Totals
     83272       8036       7844        256       7580    1029197   ELF Image Totals (compressed)
     83272       8036       7844        256          0          0   ROM Totals

==============================================================================

    Total RO  Size (Code + RO Data)                91116 (  88.98kB)
    Total RW  Size (RW Data + ZI Data)              8864 (   8.66kB)
    Total ROM Size (Code + RO Data + RW Data)      91372 (  89.23kB)

==============================================================================

